80dffe00 T _NOR_BOOT_CFG
80dffe00 T __image_copy_start
80dffe00 T _start
80e00020 t _undefined_instruction
80e00024 t _software_interrupt
80e00028 t _prefetch_abort
80e0002c t _data_abort
80e00030 t _not_used
80e00034 t _irq
80e00038 t _fiq
80e00040 T _TEXT_BASE
80e00044 T _bss_start_ofs
80e00048 T _bss_end_ofs
80e0004c T _end_ofs
80e00050 T IRQ_STACK_START
80e00054 T FIQ_STACK_START
80e00058 T IRQ_STACK_START_IN
80e0005c t reset
80e00084 T c_runtime_cpu_setup
80e00088 t cpu_init_crit
80e0008c t flush_dcache
80e000e0 t undefined_instruction
80e00140 t software_interrupt
80e001a0 t prefetch_abort
80e00200 t data_abort
80e00260 t not_used
80e002c0 t irq
80e00300 t irq_handler_check_status
80e0032c t irq_handler_exit
80e00340 t fiq
80e0038c T timer_init
80e003ac T get_ticks
80e00400 T get_timer_masked
80e0041c T get_timer
80e00430 T udelay_masked
80e004ec T __udelay
80e004f0 T clk_get_core_pll_freq
80e00528 T get_vclk
80e00550 T get_asic_freq
80e00578 t l2_frac_dma
80e00628 t l2_get_addr
80e00688 t l2_cpu
80e008a4 T l2_init
80e008f4 T l2_get_status
80e00928 T l2_combuf_cpu
80e00a18 T l2_combuf_cpu_frac
80e00a38 T l2_combuf_dma
80e00c28 T l2_set_status
80e00c64 T l2_clr_status
80e00c98 t l2_clear_dma
80e00d98 T l2_combuf_wait_dma_finish
80e00f00 T l2_alloc
80e01054 T l2_free
80e01138 T ak39_soft_reset
80e011a0 T ak_soft_reset
80e011a4 t default_isr
80e011b4 T ak_do_irq
80e011cc T ak_irq_install_handler
80e01200 T ak_arch_interrupt_init
80e01230 T cleanup_before_linux
80e01250 T flush_dcache_all
80e01264 T flush_dcache_range
80e012a0 T flush_cache
80e012a8 T __l2_cache_disable
80e012a8 W l2_cache_disable
80e012ac T _main
80e012ec t here
80e012fc t clbss_l
80e01330 T relocate_code
80e01340 t copy_loop
80e01358 t fixloop
80e01378 t fixnext
80e01380 t relocate_done
80e01394 T __arch_cpu_init
80e01394 W arch_cpu_init
80e0139c t display_banner
80e013bc t init_baudrate
80e013e8 t mark_bootstage
80e013fc T __coloured_LED_init
80e013fc W coloured_LED_init
80e01400 T __red_led_on
80e01400 W red_led_on
80e01404 T __dram_init_banksize
80e01404 W dram_init_banksize
80e01420 T __power_init_board
80e01420 W power_init_board
80e01428 T board_init_f
80e01574 T board_init_r
80e01704 t boot_jump_linux
80e017bc T arch_lmb_reserve
80e017e0 W setup_board_tags
80e017e4 t boot_prep_linux
80e018f0 T do_bootm_linux
80e0194c T interrupt_init
80e0198c T enable_interrupts
80e0199c T disable_interrupts
80e019b8 T bad_mode
80e019c8 T show_regs
80e01b04 T do_undefined_instruction
80e01b24 T do_software_interrupt
80e01b44 T do_prefetch_abort
80e01b64 T do_data_abort
80e01b84 T do_not_used
80e01ba4 T do_fiq
80e01bc4 T do_reset
80e01bf8 T __enable_caches
80e01bf8 W enable_caches
80e01bfc t cp_delay
80e01c2c T icache_disable
80e01c48 T dcache_disable
80e01c70 W do_go_exec
80e01c80 t do_go
80e01cec W arch_preboot_os
80e01cec t __arch_preboot_os
80e01cf0 t do_bootm_states.isra.16.constprop.17
80e02594 T do_bootm
80e02684 T bootm_maybe_autostart
80e026fc T do_fat_fsload
80e02714 t do_fat_ls
80e0272c t do_fat_fsinfo
80e027bc t fdt_valid
80e028b4 t is_printable_string
80e0294c t print_data
80e02ad0 T set_working_fdt_addr
80e02aec t do_fdt
80e03b30 t flash_fill_sect_ranges
80e03ce4 t abbrev_spec
80e03e18 t do_flinfo
80e03e78 T flash_sect_roundb
80e03f44 t addr_spec
80e04004 T flash_sect_erase
80e04118 t do_flerase
80e04370 T flash_sect_protect
80e04460 t do_protect
80e047f0 t do_help
80e04838 t find_jffs2_part_by_name
80e048bc T do_jffs2_fsload
80e049d8 T do_jffs2_ls
80e04a38 T do_jffs2_fsinfo
80e04ab4 t bin_data_init
80e04ae0 t k_data_save
80e04b2c t k_data_restore
80e04b78 t load_serial_ymodem
80e04c80 t getcxmodem
80e04ca0 t bin_data_char
80e04ccc t chk1.constprop.1
80e04cf8 t s1_sendpacket.constprop.2
80e04d48 t do_load_serial_bin
80e05524 T read_envbk_spec
80e055d4 T do_format
80e055f4 t do_mem_base
80e05634 t do_mem_mw
80e05718 t do_mem_cmp
80e05874 t do_mem_loop
80e05960 t do_mem_md
80e05a4c t do_mem_cp
80e05b7c T do_mem_crc
80e05c18 t mod_mem.isra.3
80e05da8 t do_mem_mm
80e05db0 t do_mem_nm
80e05db8 t do_mmcops
80e06254 t do_mmcinfo
80e06404 t part_delall
80e06448 t memsize_parse
80e064c8 t memsize_format
80e0655c t generate_mtdparts_save.constprop.7
80e06864 t device_delall.constprop.9
80e068c8 t get_mtd_info.constprop.10
80e06940 t part_validate
80e06ca0 T device_find
80e06cec T mtd_id_parse
80e06e08 T mtd_part_info
80e06ea0 T find_dev_and_part
80e07050 t index_partitions
80e0710c t current_save
80e071c8 t mtd_devices_init
80e071f4 t device_del
80e07270 t part_sort_add
80e0738c t device_parse
80e07974 T mtdparts_init
80e07fec t do_chpart
80e080c0 t do_mtdparts
80e086ac t netboot_common
80e08970 t do_bootp
80e0897c T do_tftpb
80e089bc t do_ping
80e08a38 t do_env_delete
80e08ad4 t do_env_save
80e08ae8 t do_env
80e08b4c t env_print
80e08c0c t do_env_print
80e08cd4 t do_env_import
80e08f1c t do_env_default
80e08fc4 t _do_env_set.isra.0
80e0917c t do_env_set
80e09198 T get_env_id
80e091a8 T setenv
80e09200 T setenv_ulong
80e09220 T setenv_hex
80e09254 t do_env_export
80e094c0 T envmatch
80e0952c T getenv_f
80e095f4 T getenv
80e0966c T getenv_hex
80e096a8 T getenv_ulong
80e096d8 t partitions_mtdparts_parse
80e0989c t upgrade_progress_bar_draw.part.0.constprop.7
80e099a4 T do_sd_upgrade
80e09f44 t upgarde_file_partitions_check
80e0a06c t upgrade_file_data_partition_check
80e0a07c t upgrade_file_tuya_partition_check
80e0a08c t upgrade_file_app_partition_check
80e0a09c t upgrade_file_usr_partition_check
80e0a0ac t upgrade_file_config_partition_check
80e0a0bc t upgrade_file_rootfs_partition_check
80e0a0cc t upgrade_file_logo_partition_check
80e0a0dc t upgrade_file_uImage_partition_check
80e0a0ec t upgrade_file_dtb_partition_check
80e0a0fc t upgrade_file_envbkimg_partition_check
80e0a10c t upgrade_file_envimg_partition_check
80e0a11c t upgarde_file_uboot_partition_check
80e0a12c t do_spi_flash_probe
80e0a2b8 t show_time
80e0a3ac t spi_test_next_stage
80e0a3f0 t do_spi_flash
80e0abd8 t do_version
80e0ac10 T find_cmd_tbl
80e0acb4 T find_cmd
80e0acdc T cmd_usage
80e0ad3c T _do_help
80e0aebc T var_complete
80e0af38 T cmd_auto_complete
80e0b3a8 T cmd_get_data_size
80e0b404 T cmd_process
80e0b4c0 t console_setfile
80e0b564 T fgetc
80e0b588 T ftstc
80e0b5ac T getc
80e0b5d0 T tstc
80e0b5f4 T putc
80e0b624 T puts
80e0b654 T printf
80e0b6a0 T vprintf
80e0b6dc T ctrlc
80e0b734 T disable_ctrlc
80e0b74c T had_ctrlc
80e0b75c T clear_ctrlc
80e0b770 T search_device
80e0b798 T console_assign
80e0b7e0 t on_console
80e0b8a0 T console_init_f
80e0b8b0 T stdio_print_current_devices
80e0b960 T console_init_r
80e0ba40 T do_jpg_logo_display
80e0bc14 T sbrk
80e0bc84 T mem_malloc_init
80e0bcc4 T malloc_trim
80e0bd90 T free
80e0bfc4 T malloc
80e0c5d0 T calloc
80e0c6a4 T memalign
80e0c7b0 T env_attr_walk
80e0c8c0 T env_attr_lookup
80e0ca4c t clear_callback
80e0ca5c t find_env_callback
80e0cac4 t on_callbacks
80e0cb0c t set_callback
80e0cba0 T env_callback_init
80e0cc40 W env_get_char_spec
80e0cc40 t __env_get_char_spec
80e0cc4c T env_get_addr
80e0cc6c T env_get_char_memory
80e0cc7c T env_get_char
80e0ccac T getenv_yesno
80e0ccec T getenv_default
80e0cd1c T set_default_env
80e0cdc8 T set_default_vars
80e0ce00 T env_import
80e0cfd0 T env_relocate
80e0d000 T env_complete
80e0d0e8 t skip_num
80e0d158 t clear_flags
80e0d168 t on_flags
80e0d1b0 T env_flags_parse_vartype
80e0d200 T env_flags_parse_varaccess
80e0d258 t set_flags
80e0d304 T env_flags_init
80e0d3b4 T env_flags_validate
80e0d6d4 T saveenv
80e0d864 T env_relocate_spec
80e0d908 T env_init
80e0d924 t dummy
80e0d928 T get_version
80e0d930 T jumptable_init
80e0dac0 t get_cells_len
80e0db10 T fdt_initrd
80e0dcf8 T fdt_chosen
80e0de04 T fdt_fixup_memory_banks
80e0e05c T fdt_fixup_memory
80e0e07c T fdt_resize
80e0e18c T addr2info
80e0e1d8 T flash_write
80e0e32c T flash_perror
80e0e414 t fdt_error
80e0e440 T boot_fdt_add_mem_rsv_regions
80e0e4c8 T boot_relocate_fdt
80e0e654 T boot_get_fdt
80e0e91c W ft_verify_fdt
80e0e924 T image_setup_libfdt
80e0ea34 t on_loadaddr
80e0ea6c T image_check_hcrc
80e0eacc T image_check_dcrc
80e0eb2c T image_multi_count
80e0eb48 T image_multi_getimg
80e0ebf0 T getenv_bootm_low
80e0ec20 T getenv_bootm_size
80e0ec7c T getenv_bootm_mapsize
80e0ecac T memmove_wd
80e0ecb8 T genimg_print_size
80e0ece8 T get_table_entry_name
80e0ed14 T genimg_get_os_name
80e0ed2c T genimg_get_arch_name
80e0ed44 T genimg_get_type_name
80e0ed5c T genimg_get_comp_name
80e0ed74 T image_print_contents
80e0ef24 T genimg_get_format
80e0ef70 T genimg_get_image
80e0ef74 T genimg_has_config
80e0ef7c T boot_get_ramdisk
80e0f1e0 T boot_ramdisk_high
80e0f310 T image_setup_linux
80e0f39c T lcd_get_size
80e0f3e0 T lcd_sync
80e0f420 T drv_lcd_init
80e0f54c T lcd_clear
80e0f5d0 t do_lcd_clear
80e0f5e0 T lcd_setmem
80e0f668 T lcd_get_pixel_width
80e0f678 T lcd_get_pixel_height
80e0f688 t delete_char.part.1
80e0f758 t cread_add_char
80e0f840 T __show_boot_progress
80e0f840 W show_boot_progress
80e0f844 T readline_into_buffer
80e101f4 T readline
80e10208 T parse_line
80e10290 t builtin_run_command
80e105d4 T run_command
80e105ec T run_command_list
80e106d8 T main_loop
80e109b4 T do_run
80e10a2c T get_ram_size
80e10b10 t img_data_cb
80e10b7c t input_func
80e10be4 T uboot_logo_sjpg_decode
80e10ca8 T stdio_get_list
80e10cb4 T stdio_get_by_name
80e10d10 T stdio_clone
80e10d48 T stdio_register
80e10d84 T stdio_init
80e10e14 t alloc_pool
80e10e4c t bitext
80e10f34 t huffext
80e1108c T jd_prepare
80e1176c T jd_decomp
80e1239c t CYGACC_COMM_IF_GETC_TIMEOUT.isra.0
80e123f8 t xyzModem_flush
80e12414 t xyzModem_get_hdr
80e12648 T xyzModem_stream_open
80e12884 T xyzModem_stream_read
80e12adc T xyzModem_stream_close
80e12b30 T xyzModem_stream_terminate
80e12bc4 T xyzModem_error
80e12be4 T get_dev
80e12c58 T dev_print
80e12e70 T init_part
80e12e90 T print_part
80e12f74 T get_partition_info
80e12f9c T get_device
80e13020 T get_device_and_partition
80e13460 t test_block_type
80e1355c t print_partition_extended
80e1381c t get_partition_info_extended.constprop.2
80e13ab4 T test_part_dos
80e13b48 T print_part_dos
80e13b7c T get_partition_info_dos
80e13c68 T gpio_set_pin_level
80e13cd8 T gpio_set_pin_dir
80e13d2c T gpio_direction_output
80e13d54 T gpio_set_pin_as_gpio
80e13de8 t mmc_set_capacity
80e13e94 W board_mmc_getwp
80e13e9c T mmc_getwp
80e13ed0 T __board_mmc_getcd
80e13ed0 W board_mmc_getcd
80e13ed8 T mmc_send_cmd
80e13ee0 t mmc_go_idle
80e13f08 t mmc_send_op_cond_iter
80e13f88 t mmc_send_ext_csd
80e13fd4 T mmc_send_status
80e14098 t mmc_switch.isra.1
80e140ec T mmc_set_blocklen
80e1411c T find_mmc_device
80e14168 t mmc_bread
80e142bc T mmc_complete_op_cond
80e14348 T mmc_switch_part
80e14394 T mmc_getcd
80e143c8 T mmc_set_clock
80e14408 t mmc_startup
80e14f94 T mmc_register
80e1501c T mmc_start_init
80e15264 T mmc_init
80e152f4 T mmc_get_dev
80e15320 T print_mmc_devices
80e15388 T get_mmc_num
80e15398 T mmc_initialize
80e154b8 t ak_mmc_getcd
80e154c0 t ak_mmc_getwp
80e154ec t ak_mmc_setup_gpio_in
80e15538 t send_cmd.isra.3
80e155d8 t ak_set_clock.isra.0.constprop.11
80e15644 t ak_mmc_init_setup
80e15834 t ak_mmc_send_cmd
80e15b0c t ak_mmc_set_ios
80e15bb0 T ak_sdhsmmc_init
80e15d60 T sd_init_info
80e15ef4 T mmc_berase
80e1608c T mmc_bwrite
80e161ec T add_mtd_device
80e16274 T get_mtd_device_nm
80e162e0 t spi_flash_read_write
80e16354 T spi_flash_cmd_read
80e16374 T spi_flash_cmd
80e163a0 T spi_flash_cmd_write
80e163c0 T spi_flash_probe
80e169d8 T spi_flash_free
80e169f4 t spi_flash_addr
80e16a24 T spi_flash_cmd_wait_ready
80e16afc T show_spi_flash_reg
80e16b34 T spi_flash_quad_mode_enable
80e16b9c T spi_flash_write_common
80e16c3c T spi_flash_gd25q128c_cmd_write_status
80e16cb4 T spi_flash_cmd_write_status
80e16d8c T spi_flash_xmc_cmd_write_status
80e16db8 t spi_flash_cmd_bankaddr_write
80e16e0c T spi_flash_write_common_volatile
80e16eac T spi_flash_winbond_cmd_write_status_volatile
80e16f64 T spi_flash_cmd_erase_ops
80e171f4 T spi_flash_read_common
80e17250 T spi_flash_cmd_read_status
80e17328 T spi_flash_xmc_cmd_read_status
80e17400 T spi_flash_write_extra
80e174ec T spi_flash_cmd_write_ops_extra
80e175d4 T spi_flash_read_extra
80e17674 T spi_flash_cmd_read_ops_extra
80e177a0 t gmac_read_phy_reg
80e177f0 t gmac_write_phy_reg
80e17834 t ak_gmac_phy_software_reset
80e178e4 t smc_rcv
80e17964 t gmac_rmii_sharepin_cfg
80e17a1c t smc_send
80e17b04 t smc_halt
80e17bac t smc_write_hwaddr
80e17bf8 T get_eth_reset_gpio
80e17cb0 T get_eth1_reset_gpio
80e17d68 t smc_init
80e18860 T ak39_ethernet_initialize
80e18a8c t serial_init_dev
80e18b50 T akserial0_init
80e18b58 T akserial1_init
80e18b60 T akserial1_setbrg
80e18b64 T akserial0_setbrg
80e18b68 T _serial_getc
80e18c24 T akserial0_getc
80e18c2c T akserial1_getc
80e18c34 T _serial_putc
80e18ca4 T akserial0_putc
80e18cac T akserial1_putc
80e18cb4 T _serial_tstc
80e18cf4 T akserial0_tstc
80e18cfc T akserial1_tstc
80e18d04 T _serial_puts
80e18d44 T akserial0_puts
80e18d4c T akserial1_puts
80e18d54 W default_serial_console
80e18d60 T ak39_serial_initialize
80e18d80 t get_current
80e18dc0 W altera_jtag_serial_initialize
80e18dc0 W altera_serial_initialize
80e18dc0 W amirix_serial_initialize
80e18dc0 W arm_dcc_initialize
80e18dc0 W asc_serial_initialize
80e18dc0 W atmel_serial_initialize
80e18dc0 W au1x00_serial_initialize
80e18dc0 W bfin_jtag_initialize
80e18dc0 W bfin_serial_initialize
80e18dc0 W bmw_serial_initialize
80e18dc0 W clps7111_serial_initialize
80e18dc0 W cogent_serial_initialize
80e18dc0 W cpci750_serial_initialize
80e18dc0 W evb64260_serial_initialize
80e18dc0 W imx_serial_initialize
80e18dc0 W iop480_serial_initialize
80e18dc0 W ixp_serial_initialize
80e18dc0 W jz_serial_initialize
80e18dc0 W ks8695_serial_initialize
80e18dc0 W leon2_serial_initialize
80e18dc0 W leon3_serial_initialize
80e18dc0 W lh7a40x_serial_initialize
80e18dc0 W lpc32xx_serial_initialize
80e18dc0 W marvell_serial_initialize
80e18dc0 W max3100_serial_initialize
80e18dc0 W mcf_serial_initialize
80e18dc0 W ml2_serial_initialize
80e18dc0 W mpc512x_serial_initialize
80e18dc0 W mpc5xx_serial_initialize
80e18dc0 W mpc8260_scc_serial_initialize
80e18dc0 W mpc8260_smc_serial_initialize
80e18dc0 W mpc85xx_serial_initialize
80e18dc0 W mpc8xx_serial_initialize
80e18dc0 W mxc_serial_initialize
80e18dc0 W mxs_auart_initialize
80e18dc0 W ns16550_serial_initialize
80e18dc0 W oc_serial_initialize
80e18dc0 W p3mx_serial_initialize
80e18dc0 W pl01x_serial_initialize
80e18dc0 W pxa_serial_initialize
80e18dc0 W s3c24xx_serial_initialize
80e18dc0 W s5p_serial_initialize
80e18dc0 W sa1100_serial_initialize
80e18dc0 W sandbox_serial_initialize
80e18dc0 W sconsole_serial_initialize
80e18dc0 W sh_serial_initialize
80e18dc0 W uartlite_serial_initialize
80e18dc0 W zynq_serial_initalize
80e18dc0 t serial_null
80e18dc4 T serial_register
80e18ddc T serial_stdio_init
80e18e68 T serial_assign
80e18eb4 T serial_initialize
80e18f88 T serial_init
80e18f9c T serial_setbrg
80e18fb0 t on_baudrate
80e190a0 T serial_getc
80e190b4 T serial_tstc
80e190c8 T serial_putc
80e190e4 T serial_puts
80e19100 T spi_do_alloc_slave
80e19144 t spi_rxdword
80e19194 t ak_spi_start_txrx.isra.4
80e191f0 T spi_sharepin_cfg
80e19224 T spi_setup_slave
80e193cc T spi_free_slave
80e193d0 T spi_cs_activate
80e193e8 T spi_claim_bus
80e193f0 T spi_release_bus
80e193f4 T ak_spi_read_cpu
80e19550 T ak_spi_write_cpu
80e196d4 T ak_spi_write_internal
80e197c4 T ak_spi_read_internal
80e19914 T ak_spi_write
80e199e0 T ak_spi_read
80e19a98 T spi_xfer
80e19b80 t rgb_panel_info_cfg
80e19dfc t mipi_panel_cmd_setting
80e1a034 t mpu_recover_buswidth.isra.4
80e1a054 t mpu_set_16bit_buswidth.isra.7
80e1a084 t mpu_write_reg
80e1a0d0 t mpu_read_reg.isra.8
80e1a18c T ak_get_asic_pll_clk
80e1a1c0 T ak_lcd_parameter_parse_dt1
80e1a644 T ak_lcd_parameter_parse_dt2
80e1aafc T ak_lcd_parameter_parse_dt3
80e1acb8 T lcd_ctrl_init
80e1b8c8 T lcd_enable
80e1baf8 T lcd_disable
80e1bb20 T wdt_enable
80e1bb48 T wdt_keepalive
80e1bb84 t downcase
80e1bbb4 t disk_read
80e1bc18 t dirdelim
80e1bc48 t get_fatent
80e1bda4 t mkcksum
80e1bdf4 t get_cluster
80e1bf64 t get_name
80e1c010 t read_bootsectandvi
80e1c134 t slot2str
80e1c1f0 t get_vfatname
80e1c3a0 T fat_set_blk_dev
80e1c46c T do_fat_read_at
80e1cf3c T do_fat_read
80e1cf64 T file_fat_detectfs
80e1d0ac T file_fat_ls
80e1d0bc T file_fat_read_at
80e1d104 T fat_read_file
80e1d140 T fat_close
80e1d144 T rtime_decompress
80e1d200 T rubin_do_decompress
80e1d2d4 T dynrubin_decompress
80e1d310 T zlib_decompress
80e1d328 t jffs2_1pass_find_inode
80e1d550 t jffs2_1pass_search_inode
80e1d674 t insert_node
80e1d740 T jffs2_free_cache
80e1d79c T mkmodestr
80e1d8b0 t jffs2_1pass_search_list_inodes.constprop.7
80e1dfa0 T jffs2_1pass_rescan_needed
80e1e068 t jffs2_get_list
80e1e7f4 T jffs2_1pass_ls
80e1e84c T jffs2_1pass_load
80e1ef8c T jffs2_1pass_info
80e1f104 t fill_code_tables
80e1f1c8 T cramfs_memset
80e1f1e4 t init_code_tables
80e1f220 T pull_bits
80e1f278 T pull_bit
80e1f2b0 t read_symbol
80e1f338 t decompress_huffman
80e1f474 T decompress_block
80e1fa24 t fs_probe_unsupported
80e1fa3c t fs_ls_unsupported
80e1fa44 t fs_read_unsupported
80e1fa4c t fs_write_unsupported
80e1fa54 t fs_close_unsupported
80e1fa58 t fs_get_info
80e1fa78 t fs_close
80e1faa0 T fs_set_blk_dev
80e1fb40 T fs_ls
80e1fb7c T fs_read
80e1fc20 T do_load
80e1fe00 T do_ls
80e1fe68 T fdt_check_header
80e1ff2c T fdt_offset_ptr
80e1ffb8 T fdt_next_tag
80e200dc T _fdt_check_node_offset
80e20118 T _fdt_check_prop_offset
80e20154 T fdt_next_node
80e2020c T _fdt_find_string
80e20268 T fdt_move
80e202c4 t _nextprop
80e20320 T fdt_string
80e20348 T fdt_get_mem_rsv
80e20410 T fdt_num_mem_rsv
80e20494 T fdt_subnode_offset_namelen
80e20568 T fdt_get_name
80e205f0 T fdt_first_property_offset
80e20610 T fdt_next_property_offset
80e20630 T fdt_get_property_by_offset
80e206ac T fdt_get_property_namelen
80e20760 T fdt_get_property
80e2079c T fdt_getprop_namelen
80e207bc T fdt_getprop
80e207f8 T fdt_get_alias_namelen
80e20840 T fdt_path_offset
80e2092c T fdt_supernode_atdepth_offset
80e209e4 T fdt_node_depth
80e20a0c T fdt_stringlist_contains
80e20a88 T fdt_node_check_compatible
80e20ac8 T fdt_node_offset_by_compatible
80e20b3c t _fdt_blocks_misordered
80e20c08 t _fdt_splice
80e20cbc t _fdt_splice_mem_rsv
80e20d64 t _fdt_splice_struct
80e20e00 t _fdt_packblocks
80e20f48 t _fdt_add_property
80e2111c t _fdt_rw_check_header
80e211a4 T fdt_add_mem_rsv
80e21290 T fdt_del_mem_rsv
80e21300 T fdt_setprop
80e213e4 T fdt_delprop
80e21448 T fdt_add_subnode_namelen
80e2154c T fdt_add_subnode
80e2157c T fdt_del_node
80e215f0 T fdt_open_into
80e2183c T fdt_strerror
80e21894 T _fdt_node_end_offset
80e218d8 T cyg_crc16
80e21920 T crc32_no_comp
80e219f8 T crc32
80e21a0c T crc32_wd
80e21a10 T print_size
80e21b40 T print_buffer
80e21cf0 T __div64_32
80e21dc0 t get_prop_check_min_len
80e21dfc T fdtdec_get_int
80e21e4c T fdtdec_get_valoffset_int
80e21ea4 T fdtdec_get_is_enabled
80e21ee0 T fdtdec_next_compatible
80e21ef0 T fdtdec_next_compatible_subnode_sta
80e21f78 T fdtdec_prepare_fdt
80e21fbc T fdtdec_check_fdt
80e21fcc T fdtdec_get_int_array
80e22040 T fdtdec_get_bool
80e2205c T fdtdec_get_config_int
80e2209c T fdtdec_get_config_string
80e220d8 T hang
80e220f4 t cmpkey
80e22108 t _hdelete.isra.1
80e22158 t drop_var_from_set.part.2
80e221a8 t match_string.isra.3
80e22208 T hcreate_r
80e222b8 T hdestroy_r
80e22330 T hmatch_r
80e223d0 T hsearch_r
80e228ac T hdelete_r
80e22984 T hexport_r
80e22c94 T himport_r
80e22fe0 T hwalk_r
80e23038 T skip_spaces
80e23060 T strim
80e230c0 t lmb_add_region
80e23264 T lmb_init
80e2328c T lmb_add
80e23290 T lmb_free
80e23394 T lmb_reserve
80e2339c T lmb_overlaps_region
80e233f4 T __lmb_alloc_base
80e234fc T lmb_alloc_base
80e23530 T lmb_alloc
80e23538 T __board_lmb_reserve
80e23538 W board_lmb_reserve
80e2353c T string_to_ip
80e235b0 T qsort
80e23688 T strcmp_compar
80e23694 T strcpy
80e236ac T strncpy
80e236d0 T strcmp
80e236fc T strncmp
80e2373c T strchr
80e23768 T strlen
80e23788 T strnlen
80e237b4 T strdup
80e237f4 T strspn
80e23830 T strpbrk
80e2386c T strtok
80e238f4 T memset
80e23950 T memcpy
80e239bc T memmove
80e23a04 T memcmp
80e23a34 T strstr
80e23aa0 T memchr
80e23ad0 T udelay
80e23b00 T mdelay
80e23b24 t put_dec_trunc
80e23c10 t put_dec
80e23d5c t string.isra.0
80e23df0 t number.isra.4
80e2403c t vsnprintf_internal.isra.6
80e24650 T simple_strtoul
80e24708 T strict_strtoul
80e24780 T simple_strtol
80e247a8 T simple_strtoull
80e24884 T vsprintf
80e24888 T sprintf
80e248b0 T panic
80e248f4 T simple_itoa
80e24948 T ArpInit
80e24998 T arp_raw_request
80e24a5c T ArpRequest
80e24b00 T ArpTimeoutCheck
80e24b84 T ArpReceive
80e24da4 t BootpHandler
80e2511c T BootpRequest
80e25338 t BootpTimeout
80e25380 W cpu_eth_init
80e25380 t __def_eth_init
80e25388 t eth_current_changed
80e253e8 T eth_parse_enetaddr
80e2543c T eth_getenv_enetaddr
80e25498 T eth_setenv_enetaddr
80e254cc T eth_getenv_enetaddr_by_index
80e2551c T eth_get_dev_index
80e25538 T eth_write_hwaddr
80e25700 T eth_register
80e2577c T eth_initialize
80e25944 T eth_halt
80e25974 T eth_send
80e259ac T eth_rx
80e259d0 T eth_try_another
80e25a54 T eth_init
80e25b34 T eth_set_current
80e25bd8 T eth_get_name
80e25bf8 t startAgainTimeout
80e25c0c t dummy_handler
80e25c10 t net_clear_handlers
80e25c44 T net_auto_load
80e25c7c T NetStartAgain
80e25dd0 T net_set_udp_handler
80e25df0 T net_get_arp_handler
80e25e00 T NetSetTimeout
80e25e50 T NetCksum
80e25e84 T NetCksumOk
80e25ea8 T NetReceive
80e26180 T NetEthHdrSize
80e261c0 T NetSetEther
80e26268 T net_update_ether
80e262ec T net_set_ip_header
80e26374 T net_set_udp_header
80e2641c T NetSendUDPPacket
80e26528 T copy_filename
80e2656c t on_bootfile
80e26598 T ip_to_string
80e265ec T string_to_VLAN
80e26644 T getenv_VLAN
80e26654 t NetInitLoop
80e26744 T net_init
80e267bc T NetLoop
80e26ae0 t ping_timeout
80e26afc T ping_start
80e26c28 T ping_receive
80e26d10 t TftpSend
80e26ed8 t TftpHandler
80e2726c t TftpTimeout
80e272f4 T TftpStart
80e27624 t _TEXT_BASE
80e27628 T lowlevel_init
80e27654 T board_early_init_f
80e27664 T board_init
80e2767c T dram_init
80e2769c T board_eth_init
80e276ac t spl_memsize_parse
80e2772c T flash_init
80e27800 T flash_print_info
80e27920 T flash_erase
80e27a10 T write_buff
80e27a50 T spl_device_parse
80e27e8c T get_mtdparts_by_partition_name
80e27f08 T read_partition_data
80e27fc0 T get_mtdparts_by_partition_flash_offset
80e2805c T read_logo_data
80e2811c T read_dtb_data
80e281dc T raise
80e281f8 T __udivsi3
80e281f8 t .udivsi3_skip_div0_test
80e281f8 t __aeabi_uidiv
80e282a0 t __aeabi_uidivmod
80e282c0 T __divsi3
80e282c0 t __aeabi_idiv
80e282c8 t .divsi3_skip_div0_test
80e2839c t __aeabi_idivmod
80e283bc T __lshrdi3
80e283bc t __aeabi_llsr
80e283d8 T __ashldi3
80e283d8 t __aeabi_llsl
80e283f4 t __aeabi_uldivmod
80e28430 t __aeabi_idiv0
80e28430 t __aeabi_ldiv0
80e28440 T __gnu_ldivmod_helper
80e2847c t __gnu_uldivmod_helper
80e284b8 t __divdi3
80e28614 t __udivdi3
80e288d4 r CSWTCH.28
80e288f4 r block_drvr
80e28904 r boot_os
80e2891c r compat_names
80e289d0 r compr_names
80e289ec r crc_table
80e28dec r env_flags_varaccess_mask
80e28dfc r ext_csd_bits.7035
80e28e08 r ext_to_hostcaps.7036
80e28e14 r fdt_errtable
80e28e48 r gpio_pin_dir_reg
80e28e54 r gpio_pin_out_reg
80e28e60 r mon_lengths.6489
80e28ec0 r spi_buses
80e28ec8 r spi_flash_params_table
80e29718 r stage_name
80e29728 r uimage_arch
80e29830 r uimage_comp
80e29878 r uimage_os
80e298d8 r uimage_type
80e299b0 r widths.7037
80e299bc r year_lengths.6490
80e299c4 r Ipsf
80e29a44 r crc16_tab
80e29c58 r CSWTCH.62
80e29c6e r Clip8
80e2a06e r Zig
80e2a0ae r __FUNCTION__.6398
80e2a0be r __FUNCTION__.7377
80e2a0d5 r __func__.6428
80e2a0e4 r __func__.6566
80e2a0ee r __func__.6616
80e2a0f6 r __func__.6629
80e2a106 r __func__.6646
80e2a111 r __func__.6658
80e2a119 r __func__.6682
80e2a123 r __func__.6796
80e2a131 r __func__.6830
80e2a13f r __func__.6873
80e2a155 r __func__.6890
80e2a16a r __func__.6900
80e2a17a r __func__.6905
80e2a187 r __func__.6965
80e2a19b r __func__.7059
80e2a1aa r __func__.7132
80e2a1c4 r __func__.7133
80e2a1d3 r __func__.7142
80e2a1e6 r __func__.7145
80e2a1fd r __func__.7159
80e2a217 r __func__.7227
80e2a231 r __func__.7244
80e2a23f r __func__.7346
80e2a24d r __func__.7383
80e2a25b r __func__.7740
80e2a270 r __func__.7748
80e2a282 r __func__.7844
80e2a293 r __func__.7852
80e2a2a5 r __func__.7871
80e2a2b4 r __func__.8201
80e2a2c8 r __func__.8241
80e2a2d6 r __func__.8487
80e2a2df R _ctype
80e2a3df r day_name.6483
80e2a3f4 R default_environment
80e2a916 r delims.6503
80e2a919 r digits.6507
80e2a929 r env_flags_varaccess_rep
80e2a92e r env_flags_vartype_rep
80e2a935 r erase_seq
80e2a939 r hex_asc
80e2a94a r huffman_order
80e2a95d r mon_name.6484
80e2a981 r names.6508
80e33a74 r tab_seq
80e33a7d V version_string
80e33ac8 d L2_INFO_TABLE
80e33ae8 d DEVICE_INFO_TABLE
80e33b70 D init_sequence
80e33ba0 d bootm_help_text
80e33f2c d cmd_bootm_sub
80e34028 d tabs.7235
80e34049 d root.7152
80e3404b d fdt_help_text
80e34630 d dp_last_length
80e34634 d curr_device
80e34638 d mtdparts_help_text
80e34b0b d env_help_text
80e34cfc d env_id
80e34d00 d cmd_env_sub
80e34de0 d av_
80e351e8 d sbrk_base
80e351ec d trim_threshold
80e351f0 D env_htab
80e35200 D load_addr
80e35204 d hist_cur
80e35208 D stdio_names
80e35214 D ak_gpio_sharepin_as_gpio
80e359c4 d cur_dev_num
80e359c8 d status_reg_list
80e35c80 d status_reg_list
80e35d30 D ak39_serial0_device
80e35d60 D ak39_serial1_device
80e35d90 D panel_info
80e35dfc d fstypes
80e35e2c d first_call.6685
80e35e30 D NetOurNativeVLAN
80e35e32 D NetBcastAddr
80e35e38 D NetOurVLAN
80e35e3c d TftpTimeoutCountMax
80e35e40 D TftpRRQTimeoutCountMax
80e35e44 d TftpBlkSizeOption
80e35e48 d TftpTimeoutMSecs
80e35e4c d TftpBlkSize
80e35e5c D _u_boot_list_2_cmd_2_base
80e35e5c d start.6396
80e35e5c d start.6400
80e35e5c d start.6445
80e35e5c d start.6449
80e35e5c d start.6476
80e35e5c d start.6480
80e35e78 D _u_boot_list_2_cmd_2_bootm
80e35e94 D _u_boot_list_2_cmd_2_bootp
80e35eb0 D _u_boot_list_2_cmd_2_chpart
80e35ecc D _u_boot_list_2_cmd_2_cls
80e35ee8 D _u_boot_list_2_cmd_2_cmp
80e35f04 D _u_boot_list_2_cmd_2_cp
80e35f20 D _u_boot_list_2_cmd_2_crc32
80e35f3c D _u_boot_list_2_cmd_2_env
80e35f58 D _u_boot_list_2_cmd_2_erase
80e35f74 D _u_boot_list_2_cmd_2_fatinfo
80e35f90 D _u_boot_list_2_cmd_2_fatload
80e35fac D _u_boot_list_2_cmd_2_fatls
80e35fc8 D _u_boot_list_2_cmd_2_fdt
80e35fe4 D _u_boot_list_2_cmd_2_flinfo
80e36000 D _u_boot_list_2_cmd_2_format
80e3601c D _u_boot_list_2_cmd_2_fsinfo
80e36038 D _u_boot_list_2_cmd_2_fsload
80e36054 D _u_boot_list_2_cmd_2_go
80e36070 D _u_boot_list_2_cmd_2_help
80e3608c D _u_boot_list_2_cmd_2_jpg_logo_display
80e360a8 D _u_boot_list_2_cmd_2_loadb
80e360c4 D _u_boot_list_2_cmd_2_loadx
80e360e0 D _u_boot_list_2_cmd_2_loady
80e360fc D _u_boot_list_2_cmd_2_loop
80e36118 D _u_boot_list_2_cmd_2_ls
80e36134 D _u_boot_list_2_cmd_2_md
80e36150 D _u_boot_list_2_cmd_2_mm
80e3616c D _u_boot_list_2_cmd_2_mmc
80e36188 D _u_boot_list_2_cmd_2_mmcinfo
80e361a4 D _u_boot_list_2_cmd_2_mtdparts
80e361c0 D _u_boot_list_2_cmd_2_mw
80e361dc D _u_boot_list_2_cmd_2_nm
80e361f8 D _u_boot_list_2_cmd_2_ping
80e36214 D _u_boot_list_2_cmd_2_printenv
80e36230 D _u_boot_list_2_cmd_2_protect
80e3624c D _u_boot_list_2_cmd_2_question_mark
80e36268 D _u_boot_list_2_cmd_2_reset
80e36284 D _u_boot_list_2_cmd_2_run
80e362a0 D _u_boot_list_2_cmd_2_saveenv
80e362bc D _u_boot_list_2_cmd_2_sd_upgrade
80e362d8 D _u_boot_list_2_cmd_2_setenv
80e362f4 D _u_boot_list_2_cmd_2_sf
80e36310 D _u_boot_list_2_cmd_2_tftpboot
80e3632c D _u_boot_list_2_cmd_2_version
80e36348 D _u_boot_list_2_env_clbk_2_baudrate
80e36348 d end.6403
80e36348 d end.6452
80e36348 d end.6483
80e36348 d start.6539
80e36348 d start.6546
80e36350 D _u_boot_list_2_env_clbk_2_bootfile
80e36358 D _u_boot_list_2_env_clbk_2_callbacks
80e36360 D _u_boot_list_2_env_clbk_2_console
80e36368 D _u_boot_list_2_env_clbk_2_flags
80e36370 D _u_boot_list_2_env_clbk_2_loadaddr
80e36378 B __bss_base
80e36378 B __bss_start
80e36378 D __image_copy_end
80e36378 D __rel_dyn_start
80e36378 b s_L2_DMA
80e36378 d end.6542
80e36578 b IRQ_HANDLER
80e36678 B part_num
80e3667c B monitor_flash_len
80e36680 b params
80e36684 B images
80e367b4 b data.7126
80e36bb4 B working_fdt
80e36bb8 b send_parms
80e36bcc b os_data_addr_saved
80e36bd0 b his_pad_char
80e36bd1 b a_b
80e36bec b os_data_char
80e36bf0 b os_data_state
80e36bf4 b k_data_escape
80e36bf8 b os_data_state_saved
80e36bfc b os_data_addr
80e36c00 b send_ptr
80e36c04 b his_pad_count
80e36c08 b bin_start_address
80e36c0c b his_quote
80e36c10 b os_data_init
80e36c14 b his_eol
80e36c18 b k_data_escape_saved
80e36c1c b dp_last_addr
80e36c20 b base_address
80e36c24 b mm_last_size
80e36c28 b mm_last_addr
80e36c2c b dp_last_size
80e36c30 b last_ids
80e36cb0 B current_mtd_dev
80e36cb4 b last_partition
80e36cc4 b last_parts
80e36ec4 B current_mtd_partnum
80e36ec8 b mtdids
80e36ed0 b devices
80e36ed8 b initialized.7339
80e36edc b flash
80e36ee0 b tmp_buf
80e370e0 b tmp_buf.6466
80e372e0 b ctrlc_was_pressed
80e372e4 b ctrlc_disabled
80e372e8 b rgb_data.6417
80e372ec b jpg_data.6416
80e372f0 b max_total_mem
80e372f4 B mem_malloc_brk
80e372f8 b max_sbrked_mem
80e372fc b current_mallinfo
80e37324 B mem_malloc_end
80e37328 b top_pad
80e3732c B mem_malloc_start
80e37330 B env_flash
80e37334 b console_col
80e37338 b lcd_base
80e3733c b console_row
80e37340 b lcd_console_address
80e37344 b lcd_color_fg
80e37348 B lcd_line_length
80e3734c b lcd_color_bg
80e37350 B lcd_is_enabled
80e37351 b lcd_flush_dcache
80e37354 b hist_list
80e373a4 b hist_lines
80e39bb8 b hist_max
80e39bbc b hist_add_idx
80e39bc0 b lastcommand.7240
80e39dc0 b initted.7375
80e39dc4 b hist_num
80e39dc8 B console_buffer
80e39fcc b devs
80e3a008 B stdio_devices
80e3a014 b xyz
80e3a448 b mmc_devices
80e3a450 b sdhsmmc_dev
80e3a8a0 B g_power_on_pin
80e3a8a4 b sdhsmmc_dev_data
80e3a8d4 B mtd_table
80e3a954 b flash_QE_flag
80e3a958 B sflash_mtd
80e3aa08 B RingbufVa
80e3aa10 b l2_uartbuffer_offset
80e3aa14 b serial_devices
80e3aa18 b serial_current
80e3aa1c B fb_dev
80e3aa40 B do_fat_read_at_block
80e3c4f0 R __rel_dyn_end
80e3c4f0 R _end
80e4aa40 B get_dentfromdir_block
80e5aa40 b cur_part_info
80e5aac0 B get_contents_vfatname_block
80e6aac0 b cur_dev
80e6aac4 b current_part
80e6aac8 b fs_partition
80e6ab18 b fs_type
80e6ab1c b fs_dev_desc
80e6ab20 B errno
80e6ab24 B ___strtok
80e6ab28 b local.6686
80e6ab40 B NetArpWaitPacketIP
80e6ab44 B NetArpWaitTimerStart
80e6ab48 b NetArpWaitReplyIP
80e6ab4c B NetArpWaitTxPacketSize
80e6ab50 B NetArpWaitTry
80e6ab54 b NetArpTxPacket
80e6ab58 b NetArpPacketBuf
80e6b198 B NetArpWaitPacketMAC
80e6b19c B BootpTry
80e6b1a0 B BootpID
80e6b1a4 b first_failed.7075
80e6b1a8 b index.7028
80e6b1ac B eth_current
80e6b1b0 b env_changed_id.7081
80e6b1b4 b act.7080
80e6b1b8 b eth_devices
80e6b1bc B NetOurEther
80e6b1c4 B NetServerIP
80e6b1c8 b NetRestarted
80e6b1cc B net_state
80e6b1d0 B NetRxPackets
80e6c940 B NetBootFileSize
80e6c942 B NetEtherNullAddr
80e6c948 B NetRxPacket
80e6c94c b udp_packet_handler
80e6c950 b NetDevExists
80e6c954 b timeStart
80e6c958 b timeHandler
80e6c95c b NetTryCount
80e6c960 b env_changed_id.6674
80e6c964 B NetOurDNSIP
80e6c968 B NetOurSubnetMask
80e6c96c B NetTxPacket
80e6c970 B NetBootFileXferSize
80e6c974 B NetOurIP
80e6c978 B NetOurHostName
80e6c998 B NetOurNISDomain
80e6c9b8 B NetIPID
80e6c9bc B NetOurGatewayIP
80e6c9c0 b arp_packet_handler
80e6c9c4 b timeDelta
80e6c9c8 B NetRestartWrap
80e6c9cc B NetRxPacketLen
80e6c9d0 B BootFile
80e6ca50 B NetServerEther
80e6ca56 b PktBuf
8109f896 B NetOurRootPath
8109f8d8 B NetPingIP
8109f8dc b PingSeqNo
8109f8e0 b time_start
8109f8e4 b TftpTimeoutCount
8109f8e8 b TftpBlockWrap
8109f8ec b TftpBlock
8109f8f0 b TftpOurPort
8109f8f4 b TftpRemoteIP
8109f8f8 b TftpState
8109f8fc b TftpRemotePort
8109f900 b default_filename
8109f90d b tftp_filename
8109f990 b TftpBlockWrapOffset
8109f994 b TftpLastBlock
8109f998 B spl_mtdparts
8109f9e8 B flash_info
810a9a14 B __bss_end
810a9a14 B __bss_limit
