80dffe00 T _NOR_BOOT_CFG
80dffe00 T __image_copy_start
80dffe00 T _start
80e00020 t _undefined_instruction
80e00024 t _software_interrupt
80e00028 t _prefetch_abort
80e0002c t _data_abort
80e00030 t _not_used
80e00034 t _irq
80e00038 t _fiq
80e00040 T _TEXT_BASE
80e00044 T _bss_start_ofs
80e00048 T _bss_end_ofs
80e0004c T _end_ofs
80e00050 T IRQ_STACK_START
80e00054 T FIQ_STACK_START
80e00058 T IRQ_STACK_START_IN
80e0005c t reset
80e00084 T c_runtime_cpu_setup
80e00088 t cpu_init_crit
80e0008c t flush_dcache
80e000e0 t undefined_instruction
80e00140 t software_interrupt
80e001a0 t prefetch_abort
80e00200 t data_abort
80e00260 t not_used
80e002c0 t irq
80e00300 t irq_handler_check_status
80e0032c t irq_handler_exit
80e00340 t fiq
80e0038c T timer_init
80e003ac T get_ticks
80e00400 T get_timer_masked
80e0041c T get_timer
80e00430 T udelay_masked
80e004dc T __udelay
80e004e0 T clk_get_core_pll_freq
80e00518 T get_vclk
80e00540 T get_asic_freq
80e00568 t l2_frac_dma
80e00618 t l2_get_addr
80e00678 t l2_cpu
80e00894 T l2_init
80e008e4 T l2_get_status
80e00918 T l2_combuf_cpu
80e00a08 T l2_combuf_cpu_frac
80e00a28 T l2_combuf_dma
80e00c18 T l2_set_status
80e00c54 T l2_clr_status
80e00c88 t l2_clear_dma
80e00d88 T l2_combuf_wait_dma_finish
80e00ef0 T l2_alloc
80e01044 T l2_free
80e01128 T ak39_soft_reset
80e01190 T ak_soft_reset
80e01194 t default_isr
80e011a4 T ak_do_irq
80e011bc T ak_irq_install_handler
80e011f0 T ak_arch_interrupt_init
80e01220 T cleanup_before_linux
80e01240 T flush_dcache_all
80e01254 T flush_dcache_range
80e01290 T flush_cache
80e01298 T __l2_cache_disable
80e01298 W l2_cache_disable
80e0129c T _main
80e012dc t here
80e012ec t clbss_l
80e01320 T relocate_code
80e01330 t copy_loop
80e01348 t fixloop
80e01368 t fixnext
80e01370 t relocate_done
80e01384 T __arch_cpu_init
80e01384 W arch_cpu_init
80e0138c t display_banner
80e013ac t init_baudrate
80e013d8 t mark_bootstage
80e013ec T __coloured_LED_init
80e013ec W coloured_LED_init
80e013f0 T __red_led_on
80e013f0 W red_led_on
80e013f4 T __dram_init_banksize
80e013f4 W dram_init_banksize
80e01410 T __power_init_board
80e01410 W power_init_board
80e01418 T board_init_f
80e01564 T board_init_r
80e016e4 t boot_jump_linux
80e0179c T arch_lmb_reserve
80e017c0 W setup_board_tags
80e017c4 t boot_prep_linux
80e018d0 T do_bootm_linux
80e0192c T interrupt_init
80e0196c T enable_interrupts
80e0197c T disable_interrupts
80e01998 T bad_mode
80e019a8 T show_regs
80e01ae4 T do_undefined_instruction
80e01b04 T do_software_interrupt
80e01b24 T do_prefetch_abort
80e01b44 T do_data_abort
80e01b64 T do_not_used
80e01b84 T do_fiq
80e01ba4 T do_reset
80e01bd8 T __enable_caches
80e01bd8 W enable_caches
80e01bdc t cp_delay
80e01c0c T icache_disable
80e01c28 T dcache_disable
80e01c50 W do_go_exec
80e01c60 t do_go
80e01ccc W arch_preboot_os
80e01ccc t __arch_preboot_os
80e01cd0 t do_bootm_states.isra.16.constprop.17
80e02574 T do_bootm
80e02664 T bootm_maybe_autostart
80e026dc T do_fat_fsload
80e026f4 t do_fat_ls
80e0270c t do_fat_fsinfo
80e0279c t fdt_valid
80e02894 t is_printable_string
80e0292c t print_data
80e02ab0 T set_working_fdt_addr
80e02acc t do_fdt
80e03b10 t do_help
80e03b58 t bin_data_init
80e03b84 t k_data_save
80e03bd0 t k_data_restore
80e03c1c t load_serial_ymodem
80e03d24 t getcxmodem
80e03d44 t bin_data_char
80e03d70 t chk1.constprop.1
80e03d9c t s1_sendpacket.constprop.2
80e03dec t do_load_serial_bin
80e045c8 T read_envbk_spec
80e04678 T do_format
80e04698 t do_mem_base
80e046d8 t do_mem_mw
80e047bc t do_mem_cmp
80e04918 t do_mem_loop
80e04a04 t do_mem_md
80e04af0 t do_mem_cp
80e04c20 T do_mem_crc
80e04cbc t mod_mem.isra.3
80e04e4c t do_mem_mm
80e04e54 t do_mem_nm
80e04e5c t do_mmcops
80e052f8 t do_mmcinfo
80e054a8 t part_delall
80e054ec t memsize_parse
80e0556c t memsize_format
80e05600 t generate_mtdparts_save.constprop.7
80e05908 t device_delall.constprop.9
80e0596c t get_mtd_info.constprop.10
80e059e4 t part_validate
80e05d44 T device_find
80e05d90 T mtd_id_parse
80e05eac T mtd_part_info
80e05f44 T find_dev_and_part
80e060f4 t index_partitions
80e061b0 t current_save
80e0626c t mtd_devices_init
80e06298 t device_del
80e06314 t part_sort_add
80e06430 t device_parse
80e06a18 T mtdparts_init
80e07090 t do_chpart
80e07164 t do_mtdparts
80e07750 t netboot_common
80e07a14 t do_bootp
80e07a20 T do_tftpb
80e07a60 t do_ping
80e07adc t do_env_delete
80e07b78 t do_env_save
80e07b8c t do_env
80e07bf0 t env_print
80e07cb0 t do_env_print
80e07d78 t do_env_import
80e07fc0 t do_env_default
80e08068 t _do_env_set.isra.0
80e08220 t do_env_set
80e0823c T get_env_id
80e0824c T setenv
80e082a4 T setenv_ulong
80e082c4 T setenv_hex
80e082f8 t do_env_export
80e08564 T envmatch
80e085d0 T getenv_f
80e08698 T getenv
80e08710 T getenv_hex
80e0874c T getenv_ulong
80e0877c t partitions_mtdparts_parse
80e08944 t partitions_mtdparts_parse_by_envimg
80e0898c t partitions_mtdparts_parse_by_sdcard.isra.3
80e08a28 t upgrade_partitions_mtdparts.isra.4
80e08a3c t upgrade_progress_bar_draw.constprop.5
80e08b24 T do_sd_upgrade
80e0913c t upgarde_file_partitions_check
80e09264 t upgrade_file_data_partition_check
80e09274 t upgrade_file_tuya_partition_check
80e09284 t upgrade_file_app_partition_check
80e09294 t upgrade_file_usr_partition_check
80e092a4 t upgrade_file_config_partition_check
80e092b4 t upgrade_file_rootfs_partition_check
80e092c4 t upgrade_file_logo_partition_check
80e092d4 t upgrade_file_uImage_partition_check
80e092e4 t upgrade_file_dtb_partition_check
80e092f4 t upgrade_file_envbkimg_partition_check
80e09304 t upgrade_file_envimg_partition_check
80e09314 t upgarde_file_uboot_partition_check
80e09324 t do_spi_flash_probe
80e094b0 t show_time
80e095a4 t spi_test_next_stage
80e095e8 t do_spi_flash
80e09dd0 t do_version
80e09e08 T find_cmd_tbl
80e09eac T find_cmd
80e09ed4 T cmd_usage
80e09f34 T _do_help
80e0a0b4 T var_complete
80e0a130 T cmd_auto_complete
80e0a5a0 T cmd_get_data_size
80e0a5fc T cmd_process
80e0a6b8 t console_setfile
80e0a75c T fgetc
80e0a780 T ftstc
80e0a7a4 T getc
80e0a7c8 T tstc
80e0a7ec T putc
80e0a81c T puts
80e0a84c T printf
80e0a898 T vprintf
80e0a8d4 T ctrlc
80e0a92c T disable_ctrlc
80e0a944 T had_ctrlc
80e0a954 T clear_ctrlc
80e0a968 T search_device
80e0a990 T console_assign
80e0a9d8 t on_console
80e0aa98 T console_init_f
80e0aaa8 T stdio_print_current_devices
80e0ab58 T console_init_r
80e0ac38 T sbrk
80e0aca8 T mem_malloc_init
80e0ace8 T malloc_trim
80e0adb4 T free
80e0afe8 T malloc
80e0b5f4 T calloc
80e0b6c8 T memalign
80e0b7d4 T env_attr_walk
80e0b8e4 T env_attr_lookup
80e0ba70 t clear_callback
80e0ba80 t find_env_callback
80e0bae8 t on_callbacks
80e0bb30 t set_callback
80e0bbc4 T env_callback_init
80e0bc64 W env_get_char_spec
80e0bc64 t __env_get_char_spec
80e0bc70 T env_get_addr
80e0bc90 T env_get_char_memory
80e0bca0 T env_get_char
80e0bcd0 T getenv_yesno
80e0bd10 T getenv_default
80e0bd40 T set_default_env
80e0bdec T set_default_vars
80e0be24 T env_import
80e0bff4 T env_relocate
80e0c024 T env_complete
80e0c10c t skip_num
80e0c17c t clear_flags
80e0c18c t on_flags
80e0c1d4 T env_flags_parse_vartype
80e0c224 T env_flags_parse_varaccess
80e0c27c t set_flags
80e0c328 T env_flags_init
80e0c3d8 T env_flags_validate
80e0c6f8 T saveenv
80e0c888 T env_relocate_spec
80e0c92c T env_init
80e0c948 t dummy
80e0c94c T get_version
80e0c954 T jumptable_init
80e0cae4 t get_cells_len
80e0cb34 T fdt_initrd
80e0cd1c T fdt_chosen
80e0ce28 T fdt_fixup_memory_banks
80e0d080 T fdt_fixup_memory
80e0d0a0 T fdt_resize
80e0d1b0 T addr2info
80e0d1fc T flash_write
80e0d350 T flash_perror
80e0d438 t fdt_error
80e0d464 T boot_fdt_add_mem_rsv_regions
80e0d4ec T boot_relocate_fdt
80e0d678 T boot_get_fdt
80e0d940 W ft_verify_fdt
80e0d948 T image_setup_libfdt
80e0da58 t on_loadaddr
80e0da90 T image_check_hcrc
80e0daf0 T image_check_dcrc
80e0db50 T image_multi_count
80e0db6c T image_multi_getimg
80e0dc14 T getenv_bootm_low
80e0dc44 T getenv_bootm_size
80e0dca0 T getenv_bootm_mapsize
80e0dcd0 T memmove_wd
80e0dcdc T genimg_print_size
80e0dd0c T get_table_entry_name
80e0dd38 T genimg_get_os_name
80e0dd50 T genimg_get_arch_name
80e0dd68 T genimg_get_type_name
80e0dd80 T genimg_get_comp_name
80e0dd98 T image_print_contents
80e0df48 T genimg_get_format
80e0df94 T genimg_get_image
80e0df98 T genimg_has_config
80e0dfa0 T boot_get_ramdisk
80e0e204 T boot_ramdisk_high
80e0e334 T image_setup_linux
80e0e3c0 T lcd_get_size
80e0e404 T lcd_sync
80e0e444 T drv_lcd_init
80e0e570 T lcd_clear
80e0e5f4 t do_lcd_clear
80e0e604 T lcd_setmem
80e0e68c t delete_char.part.1
80e0e75c t cread_add_char
80e0e844 T __show_boot_progress
80e0e844 W show_boot_progress
80e0e848 T readline_into_buffer
80e0f1f8 T readline
80e0f20c T parse_line
80e0f294 t builtin_run_command
80e0f5d8 T run_command
80e0f5f0 T run_command_list
80e0f6dc T main_loop
80e0f9b8 T do_run
80e0fa30 T get_ram_size
80e0fb14 t img_data_cb
80e0fb80 t input_func
80e0fbe8 T uboot_logo_sjpg_decode
80e0fc94 T stdio_get_list
80e0fca0 T stdio_get_by_name
80e0fcfc T stdio_clone
80e0fd34 T stdio_register
80e0fd70 T stdio_init
80e0fe00 t alloc_pool
80e0fe38 t bitext
80e0ff20 t huffext
80e10078 T jd_prepare
80e10758 T jd_decomp
80e11388 t CYGACC_COMM_IF_GETC_TIMEOUT.isra.0
80e113e4 t xyzModem_flush
80e11400 t xyzModem_get_hdr
80e11634 T xyzModem_stream_open
80e11870 T xyzModem_stream_read
80e11ac8 T xyzModem_stream_close
80e11b1c T xyzModem_stream_terminate
80e11bb0 T xyzModem_error
80e11bd0 T get_dev
80e11c44 T dev_print
80e11e5c T init_part
80e11e7c T print_part
80e11f60 T get_partition_info
80e11f88 T get_device
80e1200c T get_device_and_partition
80e1244c t test_block_type
80e12548 t print_partition_extended
80e12808 t get_partition_info_extended.constprop.2
80e12aa0 T test_part_dos
80e12b34 T print_part_dos
80e12b68 T get_partition_info_dos
80e12c54 T gpio_set_pin_level
80e12cc4 T gpio_set_pin_dir
80e12d18 T gpio_direction_output
80e12d40 T gpio_set_pin_as_gpio
80e12dd4 t mmc_set_capacity
80e12e80 W board_mmc_getwp
80e12e88 T mmc_getwp
80e12ebc T __board_mmc_getcd
80e12ebc W board_mmc_getcd
80e12ec4 T mmc_send_cmd
80e12ecc t mmc_go_idle
80e12ef4 t mmc_send_op_cond_iter
80e12f74 t mmc_send_ext_csd
80e12fc0 T mmc_send_status
80e13084 t mmc_switch.isra.1
80e130d8 T mmc_set_blocklen
80e13108 T find_mmc_device
80e13154 t mmc_bread
80e132a8 T mmc_complete_op_cond
80e13334 T mmc_switch_part
80e13380 T mmc_getcd
80e133b4 T mmc_set_clock
80e133f4 t mmc_startup
80e13f80 T mmc_register
80e14008 T mmc_start_init
80e14250 T mmc_init
80e142e0 T mmc_get_dev
80e1430c T print_mmc_devices
80e14374 T get_mmc_num
80e14384 T mmc_initialize
80e144a4 t ak_mmc_getcd
80e144ac t ak_mmc_getwp
80e144d8 t ak_mmc_setup_gpio_in
80e14524 t send_cmd.isra.3
80e145c4 t ak_set_clock.isra.0.constprop.11
80e14630 t ak_mmc_init_setup
80e14820 t ak_mmc_send_cmd
80e14af8 t ak_mmc_set_ios
80e14b9c T ak_sdhsmmc_init
80e14d4c T sd_init_info
80e14ee0 T mmc_berase
80e15078 T mmc_bwrite
80e151d8 T add_mtd_device
80e15260 T get_mtd_device_nm
80e152cc t spi_flash_read_write
80e15340 T spi_flash_cmd_read
80e15360 T spi_flash_cmd
80e1538c T spi_flash_cmd_write
80e153ac T spi_flash_probe
80e15958 T spi_flash_free
80e15974 t spi_flash_addr
80e159a4 T spi_flash_cmd_wait_ready
80e15a7c T show_spi_flash_reg
80e15ab4 T spi_flash_quad_mode_enable
80e15b1c T spi_flash_write_common
80e15bbc T spi_flash_gd25q128c_cmd_write_status
80e15c34 T spi_flash_cmd_write_status
80e15d0c T spi_flash_xmc_cmd_write_status
80e15d38 t spi_flash_cmd_bankaddr_write
80e15d8c T spi_flash_write_common_volatile
80e15e2c T spi_flash_winbond_cmd_write_status_volatile
80e15ee4 T spi_flash_cmd_erase_ops
80e16174 T spi_flash_read_common
80e161d0 T spi_flash_cmd_read_status
80e162a8 T spi_flash_xmc_cmd_read_status
80e16380 T spi_flash_write_extra
80e1646c T spi_flash_cmd_write_ops_extra
80e16554 T spi_flash_read_extra
80e165f4 T spi_flash_cmd_read_ops_extra
80e16720 t gmac_read_phy_reg
80e16770 t gmac_write_phy_reg
80e167b4 t ak_gmac_phy_software_reset
80e16864 t smc_rcv
80e168e4 t gmac_rmii_sharepin_cfg
80e1699c t smc_send
80e16a84 t smc_halt
80e16b2c t smc_write_hwaddr
80e16b78 T get_eth_reset_gpio
80e16c30 T get_eth1_reset_gpio
80e16ce8 t smc_init
80e177e0 T ak39_ethernet_initialize
80e17a0c t serial_init_dev
80e17ad0 T akserial0_init
80e17ad8 T akserial1_init
80e17ae0 T akserial1_setbrg
80e17ae4 T akserial0_setbrg
80e17ae8 T _serial_getc
80e17ba4 T akserial0_getc
80e17bac T akserial1_getc
80e17bb4 T _serial_putc
80e17c24 T akserial0_putc
80e17c2c T akserial1_putc
80e17c34 T _serial_tstc
80e17c74 T akserial0_tstc
80e17c7c T akserial1_tstc
80e17c84 T _serial_puts
80e17cc4 T akserial0_puts
80e17ccc T akserial1_puts
80e17cd4 W default_serial_console
80e17ce0 T ak39_serial_initialize
80e17d00 t get_current
80e17d40 W altera_jtag_serial_initialize
80e17d40 W altera_serial_initialize
80e17d40 W amirix_serial_initialize
80e17d40 W arm_dcc_initialize
80e17d40 W asc_serial_initialize
80e17d40 W atmel_serial_initialize
80e17d40 W au1x00_serial_initialize
80e17d40 W bfin_jtag_initialize
80e17d40 W bfin_serial_initialize
80e17d40 W bmw_serial_initialize
80e17d40 W clps7111_serial_initialize
80e17d40 W cogent_serial_initialize
80e17d40 W cpci750_serial_initialize
80e17d40 W evb64260_serial_initialize
80e17d40 W imx_serial_initialize
80e17d40 W iop480_serial_initialize
80e17d40 W ixp_serial_initialize
80e17d40 W jz_serial_initialize
80e17d40 W ks8695_serial_initialize
80e17d40 W leon2_serial_initialize
80e17d40 W leon3_serial_initialize
80e17d40 W lh7a40x_serial_initialize
80e17d40 W lpc32xx_serial_initialize
80e17d40 W marvell_serial_initialize
80e17d40 W max3100_serial_initialize
80e17d40 W mcf_serial_initialize
80e17d40 W ml2_serial_initialize
80e17d40 W mpc512x_serial_initialize
80e17d40 W mpc5xx_serial_initialize
80e17d40 W mpc8260_scc_serial_initialize
80e17d40 W mpc8260_smc_serial_initialize
80e17d40 W mpc85xx_serial_initialize
80e17d40 W mpc8xx_serial_initialize
80e17d40 W mxc_serial_initialize
80e17d40 W mxs_auart_initialize
80e17d40 W ns16550_serial_initialize
80e17d40 W oc_serial_initialize
80e17d40 W p3mx_serial_initialize
80e17d40 W pl01x_serial_initialize
80e17d40 W pxa_serial_initialize
80e17d40 W s3c24xx_serial_initialize
80e17d40 W s5p_serial_initialize
80e17d40 W sa1100_serial_initialize
80e17d40 W sandbox_serial_initialize
80e17d40 W sconsole_serial_initialize
80e17d40 W sh_serial_initialize
80e17d40 W uartlite_serial_initialize
80e17d40 W zynq_serial_initalize
80e17d40 t serial_null
80e17d44 T serial_register
80e17d5c T serial_stdio_init
80e17de8 T serial_assign
80e17e34 T serial_initialize
80e17f08 T serial_init
80e17f1c T serial_setbrg
80e17f30 t on_baudrate
80e18020 T serial_getc
80e18034 T serial_tstc
80e18048 T serial_putc
80e18064 T serial_puts
80e18080 T spi_do_alloc_slave
80e180c4 t spi_rxdword
80e18114 t ak_spi_start_txrx.isra.4
80e18170 T spi_sharepin_cfg
80e181a4 T spi_setup_slave
80e1834c T spi_free_slave
80e18350 T spi_cs_activate
80e18368 T spi_claim_bus
80e18370 T spi_release_bus
80e18374 T ak_spi_read_cpu
80e184d0 T ak_spi_write_cpu
80e18654 T ak_spi_write_internal
80e18744 T ak_spi_read_internal
80e18894 T ak_spi_write
80e18960 T ak_spi_read
80e18a18 T spi_xfer
80e18b00 t rgb_panel_info_cfg
80e18d7c t mipi_panel_cmd_setting
80e18fb4 t mpu_recover_buswidth.isra.4
80e18fd4 t mpu_set_16bit_buswidth.isra.7
80e19004 t mpu_write_reg
80e19050 t mpu_read_reg.isra.8
80e1910c T ak_get_asic_pll_clk
80e19140 T ak_lcd_parameter_parse_dt1
80e195c4 T ak_lcd_parameter_parse_dt2
80e19a7c T ak_lcd_parameter_parse_dt3
80e19c38 T lcd_ctrl_init
80e1a8b4 T lcd_enable
80e1aae4 T lcd_disable
80e1ab0c T wdt_enable
80e1ab34 T wdt_keepalive
80e1ab70 t downcase
80e1aba0 t disk_read
80e1ac04 t dirdelim
80e1ac34 t get_fatent
80e1ad90 t mkcksum
80e1ade0 t get_cluster
80e1af50 t get_name
80e1affc t read_bootsectandvi
80e1b120 t slot2str
80e1b1dc t get_vfatname
80e1b38c T fat_set_blk_dev
80e1b458 T do_fat_read_at
80e1bf28 T do_fat_read
80e1bf50 T file_fat_detectfs
80e1c098 T file_fat_ls
80e1c0a8 T file_fat_read_at
80e1c0f0 T fat_read_file
80e1c12c T fat_close
80e1c130 t fs_probe_unsupported
80e1c148 t fs_ls_unsupported
80e1c150 t fs_read_unsupported
80e1c158 t fs_write_unsupported
80e1c160 t fs_close_unsupported
80e1c164 t fs_get_info
80e1c184 t fs_close
80e1c1ac T fs_set_blk_dev
80e1c24c T fs_ls
80e1c288 T fs_read
80e1c32c T do_load
80e1c50c T do_ls
80e1c574 T fdt_check_header
80e1c638 T fdt_offset_ptr
80e1c6c4 T fdt_next_tag
80e1c7e8 T _fdt_check_node_offset
80e1c824 T _fdt_check_prop_offset
80e1c860 T fdt_next_node
80e1c918 T _fdt_find_string
80e1c974 T fdt_move
80e1c9d0 t _nextprop
80e1ca2c T fdt_string
80e1ca54 T fdt_get_mem_rsv
80e1cb1c T fdt_num_mem_rsv
80e1cba0 T fdt_subnode_offset_namelen
80e1cc74 T fdt_get_name
80e1ccfc T fdt_first_property_offset
80e1cd1c T fdt_next_property_offset
80e1cd3c T fdt_get_property_by_offset
80e1cdb8 T fdt_get_property_namelen
80e1ce6c T fdt_get_property
80e1cea8 T fdt_getprop_namelen
80e1cec8 T fdt_getprop
80e1cf04 T fdt_get_alias_namelen
80e1cf4c T fdt_path_offset
80e1d038 T fdt_supernode_atdepth_offset
80e1d0f0 T fdt_node_depth
80e1d118 T fdt_stringlist_contains
80e1d194 T fdt_node_check_compatible
80e1d1d4 T fdt_node_offset_by_compatible
80e1d248 t _fdt_blocks_misordered
80e1d314 t _fdt_splice
80e1d3c8 t _fdt_splice_mem_rsv
80e1d470 t _fdt_splice_struct
80e1d50c t _fdt_packblocks
80e1d654 t _fdt_add_property
80e1d828 t _fdt_rw_check_header
80e1d8b0 T fdt_add_mem_rsv
80e1d99c T fdt_del_mem_rsv
80e1da0c T fdt_setprop
80e1daf0 T fdt_delprop
80e1db54 T fdt_add_subnode_namelen
80e1dc58 T fdt_add_subnode
80e1dc88 T fdt_del_node
80e1dcfc T fdt_open_into
80e1df48 T fdt_strerror
80e1dfa0 T _fdt_node_end_offset
80e1dfe4 T cyg_crc16
80e1e02c T crc32_no_comp
80e1e104 T crc32
80e1e118 T crc32_wd
80e1e11c T print_size
80e1e24c T print_buffer
80e1e3fc T __div64_32
80e1e4cc t get_prop_check_min_len
80e1e508 T fdtdec_get_int
80e1e558 T fdtdec_get_valoffset_int
80e1e5b0 T fdtdec_get_is_enabled
80e1e5ec T fdtdec_next_compatible
80e1e5fc T fdtdec_next_compatible_subnode_sta
80e1e684 T fdtdec_prepare_fdt
80e1e6c8 T fdtdec_check_fdt
80e1e6d8 T fdtdec_get_int_array
80e1e74c T fdtdec_get_bool
80e1e768 T fdtdec_get_config_int
80e1e7a8 T fdtdec_get_config_string
80e1e7e4 T hang
80e1e800 t cmpkey
80e1e814 t _hdelete.isra.1
80e1e864 t drop_var_from_set.part.2
80e1e8b4 t match_string.isra.3
80e1e914 T hcreate_r
80e1e9c4 T hdestroy_r
80e1ea3c T hmatch_r
80e1eadc T hsearch_r
80e1efb8 T hdelete_r
80e1f090 T hexport_r
80e1f3a0 T himport_r
80e1f6ec T hwalk_r
80e1f744 T skip_spaces
80e1f76c T strim
80e1f7cc t lmb_add_region
80e1f970 T lmb_init
80e1f998 T lmb_add
80e1f99c T lmb_free
80e1faa0 T lmb_reserve
80e1faa8 T lmb_overlaps_region
80e1fb00 T __lmb_alloc_base
80e1fc08 T lmb_alloc_base
80e1fc3c T lmb_alloc
80e1fc44 T __board_lmb_reserve
80e1fc44 W board_lmb_reserve
80e1fc48 T string_to_ip
80e1fcbc T qsort
80e1fd94 T strcmp_compar
80e1fda0 T strcpy
80e1fdb8 T strncpy
80e1fddc T strcmp
80e1fe08 T strncmp
80e1fe48 T strchr
80e1fe74 T strlen
80e1fe94 T strnlen
80e1fec0 T strdup
80e1ff00 T strspn
80e1ff3c T strpbrk
80e1ff78 T strtok
80e20000 T memset
80e2005c T memcpy
80e200c8 T memmove
80e20110 T memcmp
80e20140 T strstr
80e201ac T memchr
80e201dc T udelay
80e2020c T mdelay
80e20230 t put_dec_trunc
80e2031c t put_dec
80e20468 t string.isra.0
80e204fc t number.isra.4
80e20748 t vsnprintf_internal.isra.6
80e20d5c T simple_strtoul
80e20e14 T strict_strtoul
80e20e8c T simple_strtol
80e20eb4 T simple_strtoull
80e20f90 T vsprintf
80e20f94 T sprintf
80e20fbc T panic
80e21000 T simple_itoa
80e21054 T ArpInit
80e210a4 T arp_raw_request
80e21168 T ArpRequest
80e2120c T ArpTimeoutCheck
80e21290 T ArpReceive
80e214b0 t BootpHandler
80e21828 T BootpRequest
80e21a44 t BootpTimeout
80e21a8c W cpu_eth_init
80e21a8c t __def_eth_init
80e21a94 t eth_current_changed
80e21af4 T eth_parse_enetaddr
80e21b48 T eth_getenv_enetaddr
80e21ba4 T eth_setenv_enetaddr
80e21bd8 T eth_getenv_enetaddr_by_index
80e21c28 T eth_get_dev_index
80e21c44 T eth_write_hwaddr
80e21e0c T eth_register
80e21e88 T eth_initialize
80e22050 T eth_halt
80e22080 T eth_send
80e220b8 T eth_rx
80e220dc T eth_try_another
80e22160 T eth_init
80e22240 T eth_set_current
80e222e4 T eth_get_name
80e22304 t startAgainTimeout
80e22318 t dummy_handler
80e2231c t net_clear_handlers
80e22350 T net_auto_load
80e22388 T NetStartAgain
80e224dc T net_set_udp_handler
80e224fc T net_get_arp_handler
80e2250c T NetSetTimeout
80e2255c T NetCksum
80e22590 T NetCksumOk
80e225b4 T NetReceive
80e2288c T NetEthHdrSize
80e228cc T NetSetEther
80e22974 T net_update_ether
80e229f8 T net_set_ip_header
80e22a80 T net_set_udp_header
80e22b28 T NetSendUDPPacket
80e22c34 T copy_filename
80e22c78 t on_bootfile
80e22ca4 T ip_to_string
80e22cf8 T string_to_VLAN
80e22d50 T getenv_VLAN
80e22d60 t NetInitLoop
80e22e50 T net_init
80e22ec8 T NetLoop
80e231ec t ping_timeout
80e23208 T ping_start
80e23334 T ping_receive
80e2341c t TftpSend
80e235e4 t TftpHandler
80e23978 t TftpTimeout
80e23a00 T TftpStart
80e23d30 t _TEXT_BASE
80e23d34 T lowlevel_init
80e23d60 T board_early_init_f
80e23d70 T board_init
80e23d88 T dram_init
80e23da8 T board_eth_init
80e23db8 t spl_memsize_parse
80e23e38 T flash_init
80e23f0c T write_buff
80e23f4c T spl_device_parse
80e24388 T get_mtdparts_by_partition_name
80e24404 T get_mtdparts_by_partition_flash_offset
80e244a0 T read_logo_data
80e24560 T read_dtb_data
80e24620 T raise
80e2463c T __udivsi3
80e2463c t .udivsi3_skip_div0_test
80e2463c t __aeabi_uidiv
80e246e4 t __aeabi_uidivmod
80e24704 T __divsi3
80e24704 t __aeabi_idiv
80e2470c t .divsi3_skip_div0_test
80e247e0 t __aeabi_idivmod
80e24800 T __lshrdi3
80e24800 t __aeabi_llsr
80e2481c T __ashldi3
80e2481c t __aeabi_llsl
80e24838 t __aeabi_uldivmod
80e24874 t __aeabi_idiv0
80e24874 t __aeabi_ldiv0
80e24884 T __gnu_ldivmod_helper
80e248c0 t __gnu_uldivmod_helper
80e248fc t __divdi3
80e24a58 t __udivdi3
80e24d18 r CSWTCH.28
80e24d38 r block_drvr
80e24d48 r boot_os
80e24d60 r compat_names
80e24e14 r crc_table
80e25214 r env_flags_varaccess_mask
80e25224 r ext_csd_bits.7035
80e25230 r ext_to_hostcaps.7036
80e2523c r fdt_errtable
80e25270 r gpio_pin_dir_reg
80e2527c r gpio_pin_out_reg
80e25288 r spi_buses
80e25290 r spi_flash_params_table
80e25ae0 r stage_name
80e25af0 r uimage_arch
80e25bf8 r uimage_comp
80e25c40 r uimage_os
80e25ca0 r uimage_type
80e25d78 r widths.7037
80e25d84 r Ipsf
80e25e04 r crc16_tab
80e26018 r CSWTCH.62
80e2602e r Clip8
80e2642e r Zig
80e2646e r __FUNCTION__.6398
80e2647e r __FUNCTION__.7377
80e26495 r __func__.6428
80e264a4 r __func__.6566
80e264ae r __func__.6616
80e264b6 r __func__.6629
80e264c6 r __func__.6646
80e264d1 r __func__.6658
80e264d9 r __func__.6682
80e264e3 r __func__.6796
80e264f1 r __func__.6830
80e264ff r __func__.6873
80e26515 r __func__.6890
80e2652a r __func__.6900
80e2653a r __func__.6905
80e26547 r __func__.7059
80e26556 r __func__.7124
80e26565 r __func__.7135
80e26584 r __func__.7142
80e26597 r __func__.7149
80e265b1 r __func__.7162
80e265c8 r __func__.7176
80e265e2 r __func__.7250
80e265fc r __func__.7269
80e2660a r __func__.7346
80e26618 r __func__.7374
80e26626 r __func__.7740
80e2663b r __func__.7748
80e2664d r __func__.7844
80e2665e r __func__.7852
80e26670 r __func__.7871
80e2667f r __func__.8201
80e26693 r __func__.8241
80e266a1 r __func__.8487
80e266aa R _ctype
80e267aa R default_environment
80e26ccc r delims.6503
80e26ccf r digits.6507
80e26cdf r env_flags_varaccess_rep
80e26ce4 r env_flags_vartype_rep
80e26ceb r erase_seq
80e26cef r hex_asc
80e26d00 r names.6508
80e2efa7 r tab_seq
80e2efb0 V version_string
80e2effc d L2_INFO_TABLE
80e2f01c d DEVICE_INFO_TABLE
80e2f0a4 D init_sequence
80e2f0d4 d bootm_help_text
80e2f460 d cmd_bootm_sub
80e2f55c d tabs.7235
80e2f57d d root.7152
80e2f57f d fdt_help_text
80e2fb64 d dp_last_length
80e2fb68 d curr_device
80e2fb6c d mtdparts_help_text
80e3003f d env_help_text
80e30230 d env_id
80e30234 d cmd_env_sub
80e30314 d av_
80e3071c d sbrk_base
80e30720 d trim_threshold
80e30724 D env_htab
80e30734 D load_addr
80e30738 d hist_cur
80e3073c D stdio_names
80e30748 D ak_gpio_sharepin_as_gpio
80e30ef8 d cur_dev_num
80e30efc d status_reg_list
80e311b4 d status_reg_list
80e31264 D ak39_serial0_device
80e31294 D ak39_serial1_device
80e312c4 D panel_info
80e31330 d fstypes
80e31360 d first_call.6685
80e31364 D NetOurNativeVLAN
80e31366 D NetBcastAddr
80e3136c D NetOurVLAN
80e31370 d TftpTimeoutCountMax
80e31374 D TftpRRQTimeoutCountMax
80e31378 d TftpBlkSizeOption
80e3137c d TftpTimeoutMSecs
80e31380 d TftpBlkSize
80e31390 D _u_boot_list_2_cmd_2_base
80e31390 d start.6396
80e31390 d start.6400
80e31390 d start.6445
80e31390 d start.6449
80e31390 d start.6476
80e31390 d start.6480
80e313ac D _u_boot_list_2_cmd_2_bootm
80e313c8 D _u_boot_list_2_cmd_2_bootp
80e313e4 D _u_boot_list_2_cmd_2_chpart
80e31400 D _u_boot_list_2_cmd_2_cls
80e3141c D _u_boot_list_2_cmd_2_cmp
80e31438 D _u_boot_list_2_cmd_2_cp
80e31454 D _u_boot_list_2_cmd_2_crc32
80e31470 D _u_boot_list_2_cmd_2_env
80e3148c D _u_boot_list_2_cmd_2_fatinfo
80e314a8 D _u_boot_list_2_cmd_2_fatload
80e314c4 D _u_boot_list_2_cmd_2_fatls
80e314e0 D _u_boot_list_2_cmd_2_fdt
80e314fc D _u_boot_list_2_cmd_2_format
80e31518 D _u_boot_list_2_cmd_2_go
80e31534 D _u_boot_list_2_cmd_2_help
80e31550 D _u_boot_list_2_cmd_2_loadb
80e3156c D _u_boot_list_2_cmd_2_loadx
80e31588 D _u_boot_list_2_cmd_2_loady
80e315a4 D _u_boot_list_2_cmd_2_loop
80e315c0 D _u_boot_list_2_cmd_2_md
80e315dc D _u_boot_list_2_cmd_2_mm
80e315f8 D _u_boot_list_2_cmd_2_mmc
80e31614 D _u_boot_list_2_cmd_2_mmcinfo
80e31630 D _u_boot_list_2_cmd_2_mtdparts
80e3164c D _u_boot_list_2_cmd_2_mw
80e31668 D _u_boot_list_2_cmd_2_nm
80e31684 D _u_boot_list_2_cmd_2_ping
80e316a0 D _u_boot_list_2_cmd_2_printenv
80e316bc D _u_boot_list_2_cmd_2_question_mark
80e316d8 D _u_boot_list_2_cmd_2_reset
80e316f4 D _u_boot_list_2_cmd_2_run
80e31710 D _u_boot_list_2_cmd_2_saveenv
80e3172c D _u_boot_list_2_cmd_2_sd_upgrade
80e31748 D _u_boot_list_2_cmd_2_setenv
80e31764 D _u_boot_list_2_cmd_2_sf
80e31780 D _u_boot_list_2_cmd_2_tftpboot
80e3179c D _u_boot_list_2_cmd_2_version
80e317b8 D _u_boot_list_2_env_clbk_2_baudrate
80e317b8 d end.6403
80e317b8 d end.6452
80e317b8 d end.6483
80e317b8 d start.6539
80e317b8 d start.6546
80e317c0 D _u_boot_list_2_env_clbk_2_bootfile
80e317c8 D _u_boot_list_2_env_clbk_2_callbacks
80e317d0 D _u_boot_list_2_env_clbk_2_console
80e317d8 D _u_boot_list_2_env_clbk_2_flags
80e317e0 D _u_boot_list_2_env_clbk_2_loadaddr
80e317e8 B __bss_base
80e317e8 B __bss_start
80e317e8 D __image_copy_end
80e317e8 D __rel_dyn_start
80e317e8 b s_L2_DMA
80e317e8 d end.6542
80e319e8 b IRQ_HANDLER
80e31ae8 B part_num
80e31aec B monitor_flash_len
80e31af0 b params
80e31af4 B images
80e31c24 b data.7126
80e32024 B working_fdt
80e32028 b send_parms
80e3203c b os_data_addr_saved
80e32040 b his_pad_char
80e32041 b a_b
80e3205c b os_data_char
80e32060 b os_data_state
80e32064 b k_data_escape
80e32068 b os_data_state_saved
80e3206c b os_data_addr
80e32070 b send_ptr
80e32074 b his_pad_count
80e32078 b bin_start_address
80e3207c b his_quote
80e32080 b os_data_init
80e32084 b his_eol
80e32088 b k_data_escape_saved
80e3208c b dp_last_addr
80e32090 b base_address
80e32094 b mm_last_size
80e32098 b mm_last_addr
80e3209c b dp_last_size
80e320a0 b last_ids
80e32120 B current_mtd_dev
80e32124 b last_partition
80e32134 b last_parts
80e32334 B current_mtd_partnum
80e32338 b mtdids
80e32340 b devices
80e32348 b initialized.7339
80e3234c b upgrade_type
80e32350 b flash
80e32354 b tmp_buf
80e32554 b tmp_buf.6466
80e32754 b ctrlc_was_pressed
80e32758 b ctrlc_disabled
80e3275c b max_total_mem
80e32760 B mem_malloc_brk
80e32764 b max_sbrked_mem
80e32768 b current_mallinfo
80e32790 B mem_malloc_end
80e32794 b top_pad
80e32798 B mem_malloc_start
80e3279c B env_flash
80e327a0 b console_col
80e327a4 b lcd_base
80e327a8 b console_row
80e327ac b lcd_console_address
80e327b0 b lcd_color_fg
80e327b4 B lcd_line_length
80e327b8 b lcd_color_bg
80e327bc B lcd_is_enabled
80e327bd b lcd_flush_dcache
80e327c0 b hist_list
80e32810 b hist_lines
80e35024 b hist_max
80e35028 b hist_add_idx
80e3502c b lastcommand.7240
80e3522c b initted.7375
80e35230 b hist_num
80e35234 B console_buffer
80e35438 b devs
80e35474 B stdio_devices
80e35480 b xyz
80e358b4 b mmc_devices
80e358c0 b sdhsmmc_dev
80e35d10 B g_power_on_pin
80e35d14 b sdhsmmc_dev_data
80e35d44 B mtd_table
80e35dc4 b flash_QE_flag
80e35dc8 B sflash_mtd
80e35e78 B RingbufVa
80e35e80 b l2_uartbuffer_offset
80e35e84 b serial_devices
80e35e88 b serial_current
80e35e8c B fb_dev
80e35ec0 B do_fat_read_at_block
80e372d0 R __rel_dyn_end
80e372d0 R _end
80e45ec0 B get_dentfromdir_block
80e55ec0 b cur_part_info
80e55f40 B get_contents_vfatname_block
80e65f40 b cur_dev
80e65f44 b fs_partition
80e65f94 b fs_type
80e65f98 b fs_dev_desc
80e65f9c B errno
80e65fa0 B ___strtok
80e65fa4 b local.6686
80e65fbc B NetArpWaitPacketIP
80e65fc0 B NetArpWaitTimerStart
80e65fc4 b NetArpWaitReplyIP
80e65fc8 B NetArpWaitTxPacketSize
80e65fcc B NetArpWaitTry
80e65fd0 b NetArpTxPacket
80e65fd4 b NetArpPacketBuf
80e66614 B NetArpWaitPacketMAC
80e66618 B BootpTry
80e6661c B BootpID
80e66620 b first_failed.7075
80e66624 b index.7028
80e66628 B eth_current
80e6662c b env_changed_id.7081
80e66630 b act.7080
80e66634 b eth_devices
80e66638 B NetOurEther
80e66640 B NetServerIP
80e66644 b NetRestarted
80e66648 B net_state
80e6664c B NetRxPackets
80e67dbc B NetBootFileSize
80e67dbe B NetEtherNullAddr
80e67dc4 B NetRxPacket
80e67dc8 b udp_packet_handler
80e67dcc b NetDevExists
80e67dd0 b timeStart
80e67dd4 b timeHandler
80e67dd8 b NetTryCount
80e67ddc b env_changed_id.6674
80e67de0 B NetOurDNSIP
80e67de4 B NetOurSubnetMask
80e67de8 B NetTxPacket
80e67dec B NetBootFileXferSize
80e67df0 B NetOurIP
80e67df4 B NetOurHostName
80e67e14 B NetOurNISDomain
80e67e34 B NetIPID
80e67e38 B NetOurGatewayIP
80e67e3c b arp_packet_handler
80e67e40 b timeDelta
80e67e44 B NetRestartWrap
80e67e48 B NetRxPacketLen
80e67e4c B BootFile
80e67ecc B NetServerEther
80e67ed2 b PktBuf
8109ad12 B NetOurRootPath
8109ad54 B NetPingIP
8109ad58 b PingSeqNo
8109ad5c b time_start
8109ad60 b TftpTimeoutCount
8109ad64 b TftpBlockWrap
8109ad68 b TftpBlock
8109ad6c b TftpOurPort
8109ad70 b TftpRemoteIP
8109ad74 b TftpState
8109ad78 b TftpRemotePort
8109ad7c b default_filename
8109ad89 b tftp_filename
8109ae0c b TftpBlockWrapOffset
8109ae10 b TftpLastBlock
8109ae14 B spl_mtdparts
8109ae64 B flash_info
810a4e90 B __bss_end
810a4e90 B __bss_limit
