Archive member included to satisfy reference by file (symbol)

/opt/arm-anykav500-linux-uclibcgnueabi/bin/../lib/gcc/arm-anykav500-linux-uclibcgnueabi/4.9.4/libgcc.a(_udivsi3.o)
                              arch/arm/cpu/arm926ejs/ak37e/libak37e.o (__aeabi_uidiv)
/opt/arm-anykav500-linux-uclibcgnueabi/bin/../lib/gcc/arm-anykav500-linux-uclibcgnueabi/4.9.4/libgcc.a(_divsi3.o)
                              common/libcommon.o (__aeabi_idiv)
/opt/arm-anykav500-linux-uclibcgnueabi/bin/../lib/gcc/arm-anykav500-linux-uclibcgnueabi/4.9.4/libgcc.a(_lshrdi3.o)
                              common/libcommon.o (__aeabi_llsr)
/opt/arm-anykav500-linux-uclibcgnueabi/bin/../lib/gcc/arm-anykav500-linux-uclibcgnueabi/4.9.4/libgcc.a(_ashldi3.o)
                              lib/libgeneric.o (__aeabi_llsl)
/opt/arm-anykav500-linux-uclibcgnueabi/bin/../lib/gcc/arm-anykav500-linux-uclibcgnueabi/4.9.4/libgcc.a(_aeabi_uldivmod.o)
                              arch/arm/cpu/arm926ejs/ak37e/libak37e.o (__aeabi_uldivmod)
/opt/arm-anykav500-linux-uclibcgnueabi/bin/../lib/gcc/arm-anykav500-linux-uclibcgnueabi/4.9.4/libgcc.a(_dvmd_lnx.o)
                              /opt/arm-anykav500-linux-uclibcgnueabi/bin/../lib/gcc/arm-anykav500-linux-uclibcgnueabi/4.9.4/libgcc.a(_udivsi3.o) (__aeabi_idiv0)
/opt/arm-anykav500-linux-uclibcgnueabi/bin/../lib/gcc/arm-anykav500-linux-uclibcgnueabi/4.9.4/libgcc.a(bpabi.o)
                              /opt/arm-anykav500-linux-uclibcgnueabi/bin/../lib/gcc/arm-anykav500-linux-uclibcgnueabi/4.9.4/libgcc.a(_aeabi_uldivmod.o) (__gnu_uldivmod_helper)
/opt/arm-anykav500-linux-uclibcgnueabi/bin/../lib/gcc/arm-anykav500-linux-uclibcgnueabi/4.9.4/libgcc.a(_divdi3.o)
                              /opt/arm-anykav500-linux-uclibcgnueabi/bin/../lib/gcc/arm-anykav500-linux-uclibcgnueabi/4.9.4/libgcc.a(bpabi.o) (__divdi3)
/opt/arm-anykav500-linux-uclibcgnueabi/bin/../lib/gcc/arm-anykav500-linux-uclibcgnueabi/4.9.4/libgcc.a(_udivdi3.o)
                              /opt/arm-anykav500-linux-uclibcgnueabi/bin/../lib/gcc/arm-anykav500-linux-uclibcgnueabi/4.9.4/libgcc.a(bpabi.o) (__udivdi3)

Discarded input sections

 .data          0x0000000000000000        0x0 arch/arm/cpu/arm926ejs/start.o
 .bss           0x0000000000000000        0x0 arch/arm/cpu/arm926ejs/start.o
 .text          0x0000000000000000       0xc4 arch/arm/cpu/arm926ejs/ak37e/libak37e.o
 .text.reset_timer_masked
                0x0000000000000000       0x2c arch/arm/cpu/arm926ejs/ak37e/libak37e.o
 .text.get_tbclk
                0x0000000000000000        0x8 arch/arm/cpu/arm926ejs/ak37e/libak37e.o
 .text.spl_board_init
                0x0000000000000000        0x4 arch/arm/cpu/arm926ejs/ak37e/libak37e.o
 .text.spl_boot_mode
                0x0000000000000000        0x8 arch/arm/cpu/arm926ejs/ak37e/libak37e.o
 .text.spl_boot_device
                0x0000000000000000        0x8 arch/arm/cpu/arm926ejs/ak37e/libak37e.o
 .text.dma_init
                0x0000000000000000       0x18 arch/arm/cpu/arm926ejs/ak37e/libak37e.o
 .text.test_init_serial
                0x0000000000000000       0x64 arch/arm/cpu/arm926ejs/ak37e/libak37e.o
 .text.test_putc
                0x0000000000000000       0x68 arch/arm/cpu/arm926ejs/ak37e/libak37e.o
 .text.test_print
                0x0000000000000000       0x20 arch/arm/cpu/arm926ejs/ak37e/libak37e.o
 .text.sysctl_clock
                0x0000000000000000       0xc0 arch/arm/cpu/arm926ejs/ak37e/libak37e.o
 .text.sysctl_get_clock_state
                0x0000000000000000       0x58 arch/arm/cpu/arm926ejs/ak37e/libak37e.o
 .text.sysctl_reset
                0x0000000000000000       0x28 arch/arm/cpu/arm926ejs/ak37e/libak37e.o
 .rodata.clock_value_tbl
                0x0000000000000000       0x48 arch/arm/cpu/arm926ejs/ak37e/libak37e.o
 .data          0x0000000000000000        0x0 arch/arm/cpu/arm926ejs/ak37e/libak37e.o
 .bss           0x0000000000000000        0x0 arch/arm/cpu/arm926ejs/ak37e/libak37e.o
 .text          0x0000000000000000        0x0 arch/arm/cpu/arm926ejs/libarm926ejs.o
 .text.invalidate_dcache_all
                0x0000000000000000        0xc arch/arm/cpu/arm926ejs/libarm926ejs.o
 .text.invalidate_dcache_range
                0x0000000000000000       0x34 arch/arm/cpu/arm926ejs/libarm926ejs.o
 .data          0x0000000000000000        0x0 arch/arm/cpu/arm926ejs/libarm926ejs.o
 .bss           0x0000000000000000        0x0 arch/arm/cpu/arm926ejs/libarm926ejs.o
 .text.__red_led_off
                0x0000000000000000        0x4 arch/arm/lib/libarm.o
 .text.__green_led_on
                0x0000000000000000        0x4 arch/arm/lib/libarm.o
 .text.__green_led_off
                0x0000000000000000        0x4 arch/arm/lib/libarm.o
 .text.__yellow_led_on
                0x0000000000000000        0x4 arch/arm/lib/libarm.o
 .text.__yellow_led_off
                0x0000000000000000        0x4 arch/arm/lib/libarm.o
 .text.__blue_led_on
                0x0000000000000000        0x4 arch/arm/lib/libarm.o
 .text.__blue_led_off
[...]
Memory Configuration

Name             Origin             Length             Attributes
*default*        0x0000000000000000 0xffffffffffffffff

Linker script and memory map

                0x0000000000000000                . = 0x0
                0x0000000000000000                . = ALIGN (0x4)

.text           0x0000000080dffe00    0x24d5c
 *(.__image_copy_start)
 .__image_copy_start
                0x0000000080dffe00        0x0 arch/arm/lib/libarm.o
                0x0000000080dffe00                __image_copy_start
 arch/arm/cpu/arm926ejs/start.o(.text*)
 .text          0x0000000080dffe00      0x58c arch/arm/cpu/arm926ejs/start.o
                0x0000000080dffe00                _NOR_BOOT_CFG
                0x0000000080dffe00                _start
                0x0000000080e00040                _TEXT_BASE
                0x0000000080e00044                _bss_start_ofs
                0x0000000080e00048                _bss_end_ofs
                0x0000000080e0004c                _end_ofs
                0x0000000080e00050                IRQ_STACK_START
                0x0000000080e00054                FIQ_STACK_START
                0x0000000080e00058                IRQ_STACK_START_IN
                0x0000000080e00084                c_runtime_cpu_setup
 *(.text*)
 .text.timer_init
                0x0000000080e0038c       0x20 arch/arm/cpu/arm926ejs/ak37e/libak37e.o
                0x0000000080e0038c                timer_init
 .text.get_ticks
                0x0000000080e003ac       0x54 arch/arm/cpu/arm926ejs/ak37e/libak37e.o
                0x0000000080e003ac                get_ticks
 .text.get_timer_masked
                0x0000000080e00400       0x1c arch/arm/cpu/arm926ejs/ak37e/libak37e.o
                0x0000000080e00400                get_timer_masked
 .text.get_timer
                0x0000000080e0041c       0x14 arch/arm/cpu/arm926ejs/ak37e/libak37e.o
                0x0000000080e0041c                get_timer
 .text.udelay_masked
                0x0000000080e00430       0xac arch/arm/cpu/arm926ejs/ak37e/libak37e.o
                0x0000000080e00430                udelay_masked
 .text.__udelay
                0x0000000080e004dc        0x4 arch/arm/cpu/arm926ejs/ak37e/libak37e.o
                0x0000000080e004dc                __udelay
 .text.clk_get_core_pll_freq
                0x0000000080e004e0       0x38 arch/arm/cpu/arm926ejs/ak37e/libak37e.o
                0x0000000080e004e0                clk_get_core_pll_freq
 .text.get_vclk
                0x0000000080e00518       0x28 arch/arm/cpu/arm926ejs/ak37e/libak37e.o
                0x0000000080e00518                get_vclk
 .text.get_asic_freq
                0x0000000080e00540       0x28 arch/arm/cpu/arm926ejs/ak37e/libak37e.o
                0x0000000080e00540                get_asic_freq
 .text.l2_frac_dma
                0x0000000080e00568       0xb0 arch/arm/cpu/arm926ejs/ak37e/libak37e.o
 .text.l2_get_addr
                0x0000000080e00618       0x60 arch/arm/cpu/arm926ejs/ak37e/libak37e.o
 .text.l2_cpu   0x0000000080e00678      0x21c arch/arm/cpu/arm926ejs/ak37e/libak37e.o
 .text.l2_init  0x0000000080e00894       0x50 arch/arm/cpu/arm926ejs/ak37e/libak37e.o
                0x0000000080e00894                l2_init
 .text.l2_get_status
                0x0000000080e008e4       0x34 arch/arm/cpu/arm926ejs/ak37e/libak37e.o
                0x0000000080e008e4                l2_get_status
 .text.l2_combuf_cpu
                0x0000000080e00918       0xf0 arch/arm/cpu/arm926ejs/ak37e/libak37e.o
                0x0000000080e00918                l2_combuf_cpu
 .text.l2_combuf_cpu_frac
                0x0000000080e00a08       0x20 arch/arm/cpu/arm926ejs/ak37e/libak37e.o
                0x0000000080e00a08                l2_combuf_cpu_frac
 .text.l2_combuf_dma
                0x0000000080e00a28      0x1f0 arch/arm/cpu/arm926ejs/ak37e/libak37e.o
                0x0000000080e00a28                l2_combuf_dma
 .text.l2_set_status
                0x0000000080e00c18       0x3c arch/arm/cpu/arm926ejs/ak37e/libak37e.o
                0x0000000080e00c18                l2_set_status
 .text.l2_clr_status
                0x0000000080e00c54       0x34 arch/arm/cpu/arm926ejs/ak37e/libak37e.o
                0x0000000080e00c54                l2_clr_status
 .text.l2_clear_dma
                0x0000000080e00c88      0x100 arch/arm/cpu/arm926ejs/ak37e/libak37e.o
 .text.l2_combuf_wait_dma_finish
                0x0000000080e00d88      0x168 arch/arm/cpu/arm926ejs/ak37e/libak37e.o
                0x0000000080e00d88                l2_combuf_wait_dma_finish
 .text.l2_alloc
                0x0000000080e00ef0      0x154 arch/arm/cpu/arm926ejs/ak37e/libak37e.o
                0x0000000080e00ef0                l2_alloc
 .text.l2_free  0x0000000080e01044       0xe4 arch/arm/cpu/arm926ejs/ak37e/libak37e.o
                0x0000000080e01044                l2_free
 .text.ak39_soft_reset
                0x0000000080e01128       0x68 arch/arm/cpu/arm926ejs/ak37e/libak37e.o
                0x0000000080e01128                ak39_soft_reset
 .text.ak_soft_reset
                0x0000000080e01190        0x4 arch/arm/cpu/arm926ejs/ak37e/libak37e.o
                0x0000000080e01190                ak_soft_reset
 .text.default_isr
                0x0000000080e01194       0x10 arch/arm/cpu/arm926ejs/ak37e/libak37e.o
 .text.ak_do_irq
                0x0000000080e011a4       0x18 arch/arm/cpu/arm926ejs/ak37e/libak37e.o
                0x0000000080e011a4                ak_do_irq
 .text.ak_irq_install_handler
                0x0000000080e011bc       0x34 arch/arm/cpu/arm926ejs/ak37e/libak37e.o
                0x0000000080e011bc                ak_irq_install_handler
 .text.ak_arch_interrupt_init
                0x0000000080e011f0       0x30 arch/arm/cpu/arm926ejs/ak37e/libak37e.o
                0x0000000080e011f0                ak_arch_interrupt_init
 .text.cleanup_before_linux
                0x0000000080e01220       0x20 arch/arm/cpu/arm926ejs/libarm926ejs.o
                0x0000000080e01220                cleanup_before_linux
 .text.flush_dcache_all
                0x0000000080e01240       0x14 arch/arm/cpu/arm926ejs/libarm926ejs.o
                0x0000000080e01240                flush_dcache_all
 .text.flush_dcache_range
                0x0000000080e01254       0x3c arch/arm/cpu/arm926ejs/libarm926ejs.o
                0x0000000080e01254                flush_dcache_range
 .text.flush_cache
                0x0000000080e01290        0x8 arch/arm/cpu/arm926ejs/libarm926ejs.o
                0x0000000080e01290                flush_cache
 .text.__l2_cache_disable
                0x0000000080e01298        0x4 arch/arm/cpu/arm926ejs/libarm926ejs.o
                0x0000000080e01298                l2_cache_disable
                0x0000000080e01298                __l2_cache_disable
 .text          0x0000000080e0129c       0xe8 arch/arm/lib/libarm.o
                0x0000000080e0129c                _main
                0x0000000080e01320                relocate_code
 .text.__arch_cpu_init
                0x0000000080e01384        0x8 arch/arm/lib/libarm.o
                0x0000000080e01384                arch_cpu_init
                0x0000000080e01384                __arch_cpu_init
 .text.display_banner
                0x0000000080e0138c       0x20 arch/arm/lib/libarm.o
 .text.init_baudrate
                0x0000000080e013ac       0x2c arch/arm/lib/libarm.o
 .text.mark_bootstage
                0x0000000080e013d8       0x14 arch/arm/lib/libarm.o
 .text.__coloured_LED_init
                0x0000000080e013ec        0x4 arch/arm/lib/libarm.o
                0x0000000080e013ec                coloured_LED_init
                0x0000000080e013ec                __coloured_LED_init
 .text.__red_led_on
                0x0000000080e013f0        0x4 arch/arm/lib/libarm.o
                0x0000000080e013f0                __red_led_on
                0x0000000080e013f0                red_led_on
 .text.__dram_init_banksize
                0x0000000080e013f4       0x1c arch/arm/lib/libarm.o
                0x0000000080e013f4                __dram_init_banksize
                0x0000000080e013f4                dram_init_banksize
 .text.__power_init_board
                0x0000000080e01410        0x8 arch/arm/lib/libarm.o
                0x0000000080e01410                __power_init_board
                0x0000000080e01410                power_init_board
 .text.board_init_f
                0x0000000080e01418      0x14c arch/arm/lib/libarm.o
                0x0000000080e01418                board_init_f
 .text.board_init_r
                0x0000000080e01564      0x180 arch/arm/lib/libarm.o
                0x0000000080e01564                board_init_r
 .text.boot_jump_linux
                0x0000000080e016e4       0xb8 arch/arm/lib/libarm.o
 .text.arch_lmb_reserve
                0x0000000080e0179c       0x24 arch/arm/lib/libarm.o
                0x0000000080e0179c                arch_lmb_reserve
 .text.setup_board_tags
                0x0000000080e017c0        0x4 arch/arm/lib/libarm.o
                0x0000000080e017c0                setup_board_tags
 .text.boot_prep_linux
                0x0000000080e017c4      0x10c arch/arm/lib/libarm.o
 .text.do_bootm_linux
                0x0000000080e018d0       0x5c arch/arm/lib/libarm.o
                0x0000000080e018d0                do_bootm_linux
 .text.interrupt_init
                0x0000000080e0192c       0x40 arch/arm/lib/libarm.o
                0x0000000080e0192c                interrupt_init
 .text.enable_interrupts
                0x0000000080e0196c       0x10 arch/arm/lib/libarm.o
                0x0000000080e0196c                enable_interrupts
 .text.disable_interrupts
                0x0000000080e0197c       0x1c arch/arm/lib/libarm.o
                0x0000000080e0197c                disable_interrupts
 .text.bad_mode
                0x0000000080e01998       0x10 arch/arm/lib/libarm.o
                0x0000000080e01998                bad_mode
 .text.show_regs
                0x0000000080e019a8      0x13c arch/arm/lib/libarm.o
                0x0000000080e019a8                show_regs
 .text.do_undefined_instruction
                0x0000000080e01ae4       0x20 arch/arm/lib/libarm.o
                0x0000000080e01ae4                do_undefined_instruction
 .text.do_software_interrupt
                0x0000000080e01b04       0x20 arch/arm/lib/libarm.o
                0x0000000080e01b04                do_software_interrupt
 .text.do_prefetch_abort
                0x0000000080e01b24       0x20 arch/arm/lib/libarm.o
                0x0000000080e01b24                do_prefetch_abort
 .text.do_data_abort
                0x0000000080e01b44       0x20 arch/arm/lib/libarm.o
                0x0000000080e01b44                do_data_abort
 .text.do_not_used
                0x0000000080e01b64       0x20 arch/arm/lib/libarm.o
                0x0000000080e01b64                do_not_used
 .text.do_fiq   0x0000000080e01b84       0x20 arch/arm/lib/libarm.o
                0x0000000080e01b84                do_fiq
 .text.do_reset
                0x0000000080e01ba4       0x34 arch/arm/lib/libarm.o
                0x0000000080e01ba4                do_reset
 .text.__enable_caches
                0x0000000080e01bd8        0x4 arch/arm/lib/libarm.o
                0x0000000080e01bd8                enable_caches
                0x0000000080e01bd8                __enable_caches
 .text.cp_delay
                0x0000000080e01bdc       0x30 arch/arm/lib/libarm.o
 .text.icache_disable
                0x0000000080e01c0c       0x1c arch/arm/lib/libarm.o
                0x0000000080e01c0c                icache_disable
 .text.dcache_disable
                0x0000000080e01c28       0x28 arch/arm/lib/libarm.o
                0x0000000080e01c28                dcache_disable
 .text.do_go_exec
                0x0000000080e01c50       0x10 common/libcommon.o
                0x0000000080e01c50                do_go_exec
 .text.do_go    0x0000000080e01c60       0x6c common/libcommon.o
 .text.__arch_preboot_os
                0x0000000080e01ccc        0x4 common/libcommon.o
                0x0000000080e01ccc                arch_preboot_os
 .text.do_bootm_states.isra.16.constprop.17
                0x0000000080e01cd0      0x8a4 common/libcommon.o
 .text.do_bootm
                0x0000000080e02574       0xf0 common/libcommon.o
                0x0000000080e02574                do_bootm
 .text.bootm_maybe_autostart
                0x0000000080e02664       0x78 common/libcommon.o
                0x0000000080e02664                bootm_maybe_autostart
 .text.do_fat_fsload
                0x0000000080e026dc       0x18 common/libcommon.o
                0x0000000080e026dc                do_fat_fsload
 .text.do_fat_ls
                0x0000000080e026f4       0x18 common/libcommon.o
 .text.do_fat_fsinfo
                0x0000000080e0270c       0x90 common/libcommon.o
 .text.fdt_valid
                0x0000000080e0279c       0xf8 common/libcommon.o
 .text.is_printable_string
                0x0000000080e02894       0x98 common/libcommon.o
 .text.print_data
                0x0000000080e0292c      0x184 common/libcommon.o
 .text.set_working_fdt_addr
                0x0000000080e02ab0       0x1c common/libcommon.o
                0x0000000080e02ab0                set_working_fdt_addr
 .text.do_fdt   0x0000000080e02acc     0x1044 common/libcommon.o
 .text.do_help  0x0000000080e03b10       0x48 common/libcommon.o
 .text.bin_data_init
                0x0000000080e03b58       0x2c common/libcommon.o
 .text.k_data_save
                0x0000000080e03b84       0x4c common/libcommon.o
 .text.k_data_restore
                0x0000000080e03bd0       0x4c common/libcommon.o
 .text.load_serial_ymodem
                0x0000000080e03c1c      0x108 common/libcommon.o
 .text.getcxmodem
                0x0000000080e03d24       0x20 common/libcommon.o
 .text.bin_data_char
                0x0000000080e03d44       0x2c common/libcommon.o
 .text.chk1.constprop.1
                0x0000000080e03d70       0x2c common/libcommon.o
 .text.s1_sendpacket.constprop.2
                0x0000000080e03d9c       0x50 common/libcommon.o
 .text.do_load_serial_bin
                0x0000000080e03dec      0x7dc common/libcommon.o
 .text.read_envbk_spec
                0x0000000080e045c8       0xb0 common/libcommon.o
                0x0000000080e045c8                read_envbk_spec
 .text.do_format
                0x0000000080e04678       0x20 common/libcommon.o
                0x0000000080e04678                do_format
 .text.do_mem_base
                0x0000000080e04698       0x40 common/libcommon.o
 .text.do_mem_mw
                0x0000000080e046d8       0xe4 common/libcommon.o
 .text.do_mem_cmp
                0x0000000080e047bc      0x15c common/libcommon.o
 .text.do_mem_loop
                0x0000000080e04918       0xec common/libcommon.o
 .text.do_mem_md
                0x0000000080e04a04       0xec common/libcommon.o
 .text.do_mem_cp
                0x0000000080e04af0      0x130 common/libcommon.o
 .text.do_mem_crc
                0x0000000080e04c20       0x9c common/libcommon.o
                0x0000000080e04c20                do_mem_crc
 .text.mod_mem.isra.3
                0x0000000080e04cbc      0x190 common/libcommon.o
 .text.do_mem_mm
                0x0000000080e04e4c        0x8 common/libcommon.o
 .text.do_mem_nm
                0x0000000080e04e54        0x8 common/libcommon.o
 .text.do_mmcops
                0x0000000080e04e5c      0x49c common/libcommon.o
 .text.do_mmcinfo
                0x0000000080e052f8      0x1b0 common/libcommon.o
 .text.part_delall
                0x0000000080e054a8       0x44 common/libcommon.o
 .text.memsize_parse
                0x0000000080e054ec       0x80 common/libcommon.o
 .text.memsize_format
                0x0000000080e0556c       0x94 common/libcommon.o
 .text.generate_mtdparts_save.constprop.7
                0x0000000080e05600      0x308 common/libcommon.o
 .text.device_delall.constprop.9
                0x0000000080e05908       0x64 common/libcommon.o
 .text.get_mtd_info.constprop.10
                0x0000000080e0596c       0x78 common/libcommon.o
 .text.part_validate
                0x0000000080e059e4      0x360 common/libcommon.o
 .text.device_find
                0x0000000080e05d44       0x4c common/libcommon.o
                0x0000000080e05d44                device_find
 .text.mtd_id_parse
                0x0000000080e05d90      0x11c common/libcommon.o
                0x0000000080e05d90                mtd_id_parse
 .text.mtd_part_info
                0x0000000080e05eac       0x98 common/libcommon.o
                0x0000000080e05eac                mtd_part_info
 .text.find_dev_and_part
                0x0000000080e05f44      0x1b0 common/libcommon.o
                0x0000000080e05f44                find_dev_and_part
 .text.index_partitions
                0x0000000080e060f4       0xbc common/libcommon.o
 .text.current_save
                0x0000000080e061b0       0xbc common/libcommon.o
 .text.mtd_devices_init
                0x0000000080e0626c       0x2c common/libcommon.o
 .text.device_del
                0x0000000080e06298       0x7c common/libcommon.o
 .text.part_sort_add
                0x0000000080e06314      0x11c common/libcommon.o
 .text.device_parse
                0x0000000080e06430      0x5e8 common/libcommon.o
 .text.mtdparts_init
                0x0000000080e06a18      0x678 common/libcommon.o
                0x0000000080e06a18                mtdparts_init
 .text.do_chpart
                0x0000000080e07090       0xd4 common/libcommon.o
 .text.do_mtdparts
                0x0000000080e07164      0x5ec common/libcommon.o
 .text.netboot_common
                0x0000000080e07750      0x2c4 common/libcommon.o
 .text.do_bootp
                0x0000000080e07a14        0xc common/libcommon.o
 .text.do_tftpb
                0x0000000080e07a20       0x40 common/libcommon.o
                0x0000000080e07a20                do_tftpb
 .text.do_ping  0x0000000080e07a60       0x7c common/libcommon.o
 .text.do_env_delete
                0x0000000080e07adc       0x9c common/libcommon.o
 .text.do_env_save
                0x0000000080e07b78       0x14 common/libcommon.o
 .text.do_env   0x0000000080e07b8c       0x64 common/libcommon.o
 .text.env_print
                0x0000000080e07bf0       0xc0 common/libcommon.o
 .text.do_env_print
                0x0000000080e07cb0       0xc8 common/libcommon.o
 .text.do_env_import
                0x0000000080e07d78      0x248 common/libcommon.o
 .text.do_env_default
                0x0000000080e07fc0       0xa8 common/libcommon.o
 .text._do_env_set.isra.0
                0x0000000080e08068      0x1b8 common/libcommon.o
 .text.do_env_set
                0x0000000080e08220       0x1c common/libcommon.o
 .text.get_env_id
                0x0000000080e0823c       0x10 common/libcommon.o
                0x0000000080e0823c                get_env_id
 .text.setenv   0x0000000080e0824c       0x58 common/libcommon.o
                0x0000000080e0824c                setenv
 .text.setenv_ulong
                0x0000000080e082a4       0x20 common/libcommon.o
                0x0000000080e082a4                setenv_ulong
 .text.setenv_hex
                0x0000000080e082c4       0x34 common/libcommon.o
                0x0000000080e082c4                setenv_hex
 .text.do_env_export
                0x0000000080e082f8      0x26c common/libcommon.o
 .text.envmatch
                0x0000000080e08564       0x6c common/libcommon.o
                0x0000000080e08564                envmatch
 .text.getenv_f
                0x0000000080e085d0       0xc8 common/libcommon.o
                0x0000000080e085d0                getenv_f
 .text.getenv   0x0000000080e08698       0x78 common/libcommon.o
                0x0000000080e08698                getenv
 .text.getenv_hex
                0x0000000080e08710       0x3c common/libcommon.o
                0x0000000080e08710                getenv_hex
 .text.getenv_ulong
                0x0000000080e0874c       0x30 common/libcommon.o
                0x0000000080e0874c                getenv_ulong
 .text.partitions_mtdparts_parse
                0x0000000080e0877c      0x1c8 common/libcommon.o
 .text.partitions_mtdparts_parse_by_envimg
                0x0000000080e08944       0x48 common/libcommon.o
 .text.partitions_mtdparts_parse_by_sdcard.isra.3
                0x0000000080e0898c       0x9c common/libcommon.o
 .text.upgrade_partitions_mtdparts.isra.4
                0x0000000080e08a28       0x14 common/libcommon.o
 .text.upgrade_progress_bar_draw.constprop.5
                0x0000000080e08a3c       0xe8 common/libcommon.o
 .text.do_sd_upgrade
                0x0000000080e08b24      0x618 common/libcommon.o
                0x0000000080e08b24                do_sd_upgrade
 .text.upgarde_file_partitions_check
                0x0000000080e0913c      0x128 common/libcommon.o
 .text.upgrade_file_data_partition_check
                0x0000000080e09264       0x10 common/libcommon.o
 .text.upgrade_file_tuya_partition_check
                0x0000000080e09274       0x10 common/libcommon.o
 .text.upgrade_file_app_partition_check
                0x0000000080e09284       0x10 common/libcommon.o
 .text.upgrade_file_usr_partition_check
                0x0000000080e09294       0x10 common/libcommon.o
 .text.upgrade_file_config_partition_check
                0x0000000080e092a4       0x10 common/libcommon.o
 .text.upgrade_file_rootfs_partition_check
                0x0000000080e092b4       0x10 common/libcommon.o
 .text.upgrade_file_logo_partition_check
                0x0000000080e092c4       0x10 common/libcommon.o
 .text.upgrade_file_uImage_partition_check
                0x0000000080e092d4       0x10 common/libcommon.o
 .text.upgrade_file_dtb_partition_check
                0x0000000080e092e4       0x10 common/libcommon.o
 .text.upgrade_file_envbkimg_partition_check
                0x0000000080e092f4       0x10 common/libcommon.o
 .text.upgrade_file_envimg_partition_check
                0x0000000080e09304       0x10 common/libcommon.o
 .text.upgarde_file_uboot_partition_check
                0x0000000080e09314       0x10 common/libcommon.o
 .text.do_spi_flash_probe
                0x0000000080e09324      0x18c common/libcommon.o
 .text.show_time
                0x0000000080e094b0       0xf4 common/libcommon.o
 .text.spi_test_next_stage
                0x0000000080e095a4       0x44 common/libcommon.o
 .text.do_spi_flash
                0x0000000080e095e8      0x7e8 common/libcommon.o
 .text.do_version
                0x0000000080e09dd0       0x38 common/libcommon.o
 .text.find_cmd_tbl
                0x0000000080e09e08       0xa4 common/libcommon.o
                0x0000000080e09e08                find_cmd_tbl
 .text.find_cmd
                0x0000000080e09eac       0x28 common/libcommon.o
                0x0000000080e09eac                find_cmd
 .text.cmd_usage
                0x0000000080e09ed4       0x60 common/libcommon.o
                0x0000000080e09ed4                cmd_usage
 .text._do_help
                0x0000000080e09f34      0x180 common/libcommon.o
                0x0000000080e09f34                _do_help
 .text.var_complete
                0x0000000080e0a0b4       0x7c common/libcommon.o
                0x0000000080e0a0b4                var_complete
 .text.cmd_auto_complete
                0x0000000080e0a130      0x470 common/libcommon.o
                0x0000000080e0a130                cmd_auto_complete
 .text.cmd_get_data_size
                0x0000000080e0a5a0       0x5c common/libcommon.o
                0x0000000080e0a5a0                cmd_get_data_size
 .text.cmd_process
                0x0000000080e0a5fc       0xbc common/libcommon.o
                0x0000000080e0a5fc                cmd_process
 .text.console_setfile
                0x0000000080e0a6b8       0xa4 common/libcommon.o
 .text.fgetc    0x0000000080e0a75c       0x24 common/libcommon.o
                0x0000000080e0a75c                fgetc
 .text.ftstc    0x0000000080e0a780       0x24 common/libcommon.o
                0x0000000080e0a780                ftstc
 .text.getc     0x0000000080e0a7a4       0x24 common/libcommon.o
                0x0000000080e0a7a4                getc
 .text.tstc     0x0000000080e0a7c8       0x24 common/libcommon.o
                0x0000000080e0a7c8                tstc
 .text.putc     0x0000000080e0a7ec       0x30 common/libcommon.o
                0x0000000080e0a7ec                putc
 .text.puts     0x0000000080e0a81c       0x30 common/libcommon.o
                0x0000000080e0a81c                puts
 .text.printf   0x0000000080e0a84c       0x4c common/libcommon.o
                0x0000000080e0a84c                printf
 .text.vprintf  0x0000000080e0a898       0x3c common/libcommon.o
                0x0000000080e0a898                vprintf
 .text.ctrlc    0x0000000080e0a8d4       0x58 common/libcommon.o
                0x0000000080e0a8d4                ctrlc
 .text.disable_ctrlc
                0x0000000080e0a92c       0x18 common/libcommon.o
                0x0000000080e0a92c                disable_ctrlc
 .text.had_ctrlc
                0x0000000080e0a944       0x10 common/libcommon.o
                0x0000000080e0a944                had_ctrlc
 .text.clear_ctrlc
                0x0000000080e0a954       0x14 common/libcommon.o
                0x0000000080e0a954                clear_ctrlc
 .text.search_device
                0x0000000080e0a968       0x28 common/libcommon.o
                0x0000000080e0a968                search_device
 .text.console_assign
                0x0000000080e0a990       0x48 common/libcommon.o
                0x0000000080e0a990                console_assign
 .text.on_console
                0x0000000080e0a9d8       0xc0 common/libcommon.o
 .text.console_init_f
                0x0000000080e0aa98       0x10 common/libcommon.o
                0x0000000080e0aa98                console_init_f
 .text.stdio_print_current_devices
                0x0000000080e0aaa8       0xb0 common/libcommon.o
                0x0000000080e0aaa8                stdio_print_current_devices
 .text.console_init_r
                0x0000000080e0ab58       0xe0 common/libcommon.o
                0x0000000080e0ab58                console_init_r
 .text.sbrk     0x0000000080e0ac38       0x70 common/libcommon.o
                0x0000000080e0ac38                sbrk
 .text.mem_malloc_init
                0x0000000080e0aca8       0x40 common/libcommon.o
                0x0000000080e0aca8                mem_malloc_init
 .text.malloc_trim
                0x0000000080e0ace8       0xcc common/libcommon.o
                0x0000000080e0ace8                malloc_trim
 .text.free     0x0000000080e0adb4      0x234 common/libcommon.o
                0x0000000080e0adb4                free
 .text.malloc   0x0000000080e0afe8      0x60c common/libcommon.o
                0x0000000080e0afe8                malloc
 .text.calloc   0x0000000080e0b5f4       0xd4 common/libcommon.o
                0x0000000080e0b5f4                calloc
 .text.memalign
                0x0000000080e0b6c8      0x10c common/libcommon.o
                0x0000000080e0b6c8                memalign
 .text.env_attr_walk
                0x0000000080e0b7d4      0x110 common/libcommon.o
                0x0000000080e0b7d4                env_attr_walk
 .text.env_attr_lookup
                0x0000000080e0b8e4      0x18c common/libcommon.o
                0x0000000080e0b8e4                env_attr_lookup
 .text.clear_callback
                0x0000000080e0ba70       0x10 common/libcommon.o
 .text.find_env_callback
                0x0000000080e0ba80       0x68 common/libcommon.o
 .text.on_callbacks
                0x0000000080e0bae8       0x48 common/libcommon.o
 .text.set_callback
                0x0000000080e0bb30       0x94 common/libcommon.o
 .text.env_callback_init
                0x0000000080e0bbc4       0xa0 common/libcommon.o
                0x0000000080e0bbc4                env_callback_init
 .text.__env_get_char_spec
                0x0000000080e0bc64        0xc common/libcommon.o
                0x0000000080e0bc64                env_get_char_spec
 .text.env_get_addr
                0x0000000080e0bc70       0x20 common/libcommon.o
                0x0000000080e0bc70                env_get_addr
 .text.env_get_char_memory
                0x0000000080e0bc90       0x10 common/libcommon.o
                0x0000000080e0bc90                env_get_char_memory
 .text.env_get_char
                0x0000000080e0bca0       0x30 common/libcommon.o
                0x0000000080e0bca0                env_get_char
 .text.getenv_yesno
                0x0000000080e0bcd0       0x40 common/libcommon.o
                0x0000000080e0bcd0                getenv_yesno
 .text.getenv_default
                0x0000000080e0bd10       0x30 common/libcommon.o
                0x0000000080e0bd10                getenv_default
 .text.set_default_env
                0x0000000080e0bd40       0xac common/libcommon.o
                0x0000000080e0bd40                set_default_env
 .text.set_default_vars
                0x0000000080e0bdec       0x38 common/libcommon.o
                0x0000000080e0bdec                set_default_vars
 .text.env_import
                0x0000000080e0be24      0x1d0 common/libcommon.o
                0x0000000080e0be24                env_import
 .text.env_relocate
                0x0000000080e0bff4       0x30 common/libcommon.o
                0x0000000080e0bff4                env_relocate
 .text.env_complete
                0x0000000080e0c024       0xe8 common/libcommon.o
                0x0000000080e0c024                env_complete
 .text.skip_num
                0x0000000080e0c10c       0x70 common/libcommon.o
 .text.clear_flags
                0x0000000080e0c17c       0x10 common/libcommon.o
 .text.on_flags
                0x0000000080e0c18c       0x48 common/libcommon.o
 .text.env_flags_parse_vartype
                0x0000000080e0c1d4       0x50 common/libcommon.o
                0x0000000080e0c1d4                env_flags_parse_vartype
 .text.env_flags_parse_varaccess
                0x0000000080e0c224       0x58 common/libcommon.o
                0x0000000080e0c224                env_flags_parse_varaccess
 .text.set_flags
                0x0000000080e0c27c       0xac common/libcommon.o
 .text.env_flags_init
                0x0000000080e0c328       0xb0 common/libcommon.o
                0x0000000080e0c328                env_flags_init
 .text.env_flags_validate
                0x0000000080e0c3d8      0x320 common/libcommon.o
                0x0000000080e0c3d8                env_flags_validate
 .text.saveenv  0x0000000080e0c6f8      0x190 common/libcommon.o
                0x0000000080e0c6f8                saveenv
 .text.env_relocate_spec
                0x0000000080e0c888       0xa4 common/libcommon.o
                0x0000000080e0c888                env_relocate_spec
 .text.env_init
                0x0000000080e0c92c       0x1c common/libcommon.o
                0x0000000080e0c92c                env_init
 .text.dummy    0x0000000080e0c948        0x4 common/libcommon.o
 .text.get_version
                0x0000000080e0c94c        0x8 common/libcommon.o
                0x0000000080e0c94c                get_version
 .text.jumptable_init
                0x0000000080e0c954      0x190 common/libcommon.o
                0x0000000080e0c954                jumptable_init
 .text.get_cells_len
                0x0000000080e0cae4       0x50 common/libcommon.o
 .text.fdt_initrd
                0x0000000080e0cb34      0x1e8 common/libcommon.o
                0x0000000080e0cb34                fdt_initrd
 .text.fdt_chosen
                0x0000000080e0cd1c      0x10c common/libcommon.o
                0x0000000080e0cd1c                fdt_chosen
 .text.fdt_fixup_memory_banks
                0x0000000080e0ce28      0x258 common/libcommon.o
                0x0000000080e0ce28                fdt_fixup_memory_banks
 .text.fdt_fixup_memory
                0x0000000080e0d080       0x20 common/libcommon.o
                0x0000000080e0d080                fdt_fixup_memory
 .text.fdt_resize
                0x0000000080e0d0a0      0x110 common/libcommon.o
                0x0000000080e0d0a0                fdt_resize
 .text.addr2info
                0x0000000080e0d1b0       0x4c common/libcommon.o
                0x0000000080e0d1b0                addr2info
 .text.flash_write
                0x0000000080e0d1fc      0x154 common/libcommon.o
                0x0000000080e0d1fc                flash_write
 .text.flash_perror
                0x0000000080e0d350       0xe8 common/libcommon.o
                0x0000000080e0d350                flash_perror
 .text.fdt_error
                0x0000000080e0d438       0x2c common/libcommon.o
 .text.boot_fdt_add_mem_rsv_regions
                0x0000000080e0d464       0x88 common/libcommon.o
                0x0000000080e0d464                boot_fdt_add_mem_rsv_regions
 .text.boot_relocate_fdt
                0x0000000080e0d4ec      0x18c common/libcommon.o
                0x0000000080e0d4ec                boot_relocate_fdt
 .text.boot_get_fdt
                0x0000000080e0d678      0x2c8 common/libcommon.o
                0x0000000080e0d678                boot_get_fdt
 .text.ft_verify_fdt
                0x0000000080e0d940        0x8 common/libcommon.o
                0x0000000080e0d940                ft_verify_fdt
 .text.image_setup_libfdt
                0x0000000080e0d948      0x110 common/libcommon.o
                0x0000000080e0d948                image_setup_libfdt
 .text.on_loadaddr
                0x0000000080e0da58       0x38 common/libcommon.o
 .text.image_check_hcrc
                0x0000000080e0da90       0x60 common/libcommon.o
                0x0000000080e0da90                image_check_hcrc
 .text.image_check_dcrc
                0x0000000080e0daf0       0x60 common/libcommon.o
                0x0000000080e0daf0                image_check_dcrc
 .text.image_multi_count
                0x0000000080e0db50       0x1c common/libcommon.o
                0x0000000080e0db50                image_multi_count
 .text.image_multi_getimg
                0x0000000080e0db6c       0xa8 common/libcommon.o
                0x0000000080e0db6c                image_multi_getimg
 .text.getenv_bootm_low
                0x0000000080e0dc14       0x30 common/libcommon.o
                0x0000000080e0dc14                getenv_bootm_low
 .text.getenv_bootm_size
                0x0000000080e0dc44       0x5c common/libcommon.o
                0x0000000080e0dc44                getenv_bootm_size
 .text.getenv_bootm_mapsize
                0x0000000080e0dca0       0x30 common/libcommon.o
                0x0000000080e0dca0                getenv_bootm_mapsize
 .text.memmove_wd
                0x0000000080e0dcd0        0xc common/libcommon.o
                0x0000000080e0dcd0                memmove_wd
 .text.genimg_print_size
                0x0000000080e0dcdc       0x30 common/libcommon.o
                0x0000000080e0dcdc                genimg_print_size
 .text.get_table_entry_name
                0x0000000080e0dd0c       0x2c common/libcommon.o
                0x0000000080e0dd0c                get_table_entry_name
 .text.genimg_get_os_name
                0x0000000080e0dd38       0x18 common/libcommon.o
                0x0000000080e0dd38                genimg_get_os_name
 .text.genimg_get_arch_name
                0x0000000080e0dd50       0x18 common/libcommon.o
                0x0000000080e0dd50                genimg_get_arch_name
 .text.genimg_get_type_name
                0x0000000080e0dd68       0x18 common/libcommon.o
                0x0000000080e0dd68                genimg_get_type_name
 .text.genimg_get_comp_name
                0x0000000080e0dd80       0x18 common/libcommon.o
                0x0000000080e0dd80                genimg_get_comp_name
 .text.image_print_contents
                0x0000000080e0dd98      0x1b0 common/libcommon.o
                0x0000000080e0dd98                image_print_contents
 .text.genimg_get_format
                0x0000000080e0df48       0x4c common/libcommon.o
                0x0000000080e0df48                genimg_get_format
 .text.genimg_get_image
                0x0000000080e0df94        0x4 common/libcommon.o
                0x0000000080e0df94                genimg_get_image
 .text.genimg_has_config
                0x0000000080e0df98        0x8 common/libcommon.o
                0x0000000080e0df98                genimg_has_config
 .text.boot_get_ramdisk
                0x0000000080e0dfa0      0x264 common/libcommon.o
                0x0000000080e0dfa0                boot_get_ramdisk
 .text.boot_ramdisk_high
                0x0000000080e0e204      0x130 common/libcommon.o
                0x0000000080e0e204                boot_ramdisk_high
 .text.image_setup_linux
                0x0000000080e0e334       0x8c common/libcommon.o
                0x0000000080e0e334                image_setup_linux
 .text.lcd_get_size
                0x0000000080e0e3c0       0x44 common/libcommon.o
                0x0000000080e0e3c0                lcd_get_size
 .text.lcd_sync
                0x0000000080e0e404       0x40 common/libcommon.o
                0x0000000080e0e404                lcd_sync
 .text.drv_lcd_init
                0x0000000080e0e444      0x12c common/libcommon.o
                0x0000000080e0e444                drv_lcd_init
 .text.lcd_clear
                0x0000000080e0e570       0x84 common/libcommon.o
                0x0000000080e0e570                lcd_clear
 .text.do_lcd_clear
                0x0000000080e0e5f4       0x10 common/libcommon.o
 .text.lcd_setmem
                0x0000000080e0e604       0x88 common/libcommon.o
                0x0000000080e0e604                lcd_setmem
 .text.delete_char.part.1
                0x0000000080e0e68c       0xd0 common/libcommon.o
 .text.cread_add_char
                0x0000000080e0e75c       0xe8 common/libcommon.o
 .text.__show_boot_progress
                0x0000000080e0e844        0x4 common/libcommon.o
                0x0000000080e0e844                __show_boot_progress
                0x0000000080e0e844                show_boot_progress
 .text.readline_into_buffer
                0x0000000080e0e848      0x9b0 common/libcommon.o
                0x0000000080e0e848                readline_into_buffer
 .text.readline
                0x0000000080e0f1f8       0x14 common/libcommon.o
                0x0000000080e0f1f8                readline
 .text.parse_line
                0x0000000080e0f20c       0x88 common/libcommon.o
                0x0000000080e0f20c                parse_line
 .text.builtin_run_command
                0x0000000080e0f294      0x344 common/libcommon.o
 .text.run_command
                0x0000000080e0f5d8       0x18 common/libcommon.o
                0x0000000080e0f5d8                run_command
 .text.run_command_list
                0x0000000080e0f5f0       0xec common/libcommon.o
                0x0000000080e0f5f0                run_command_list
 .text.main_loop
                0x0000000080e0f6dc      0x2dc common/libcommon.o
                0x0000000080e0f6dc                main_loop
 .text.do_run   0x0000000080e0f9b8       0x78 common/libcommon.o
                0x0000000080e0f9b8                do_run
 .text.get_ram_size
                0x0000000080e0fa30       0xe4 common/libcommon.o
                0x0000000080e0fa30                get_ram_size
 .text.img_data_cb
                0x0000000080e0fb14       0x6c common/libcommon.o
 .text.input_func
                0x0000000080e0fb80       0x68 common/libcommon.o
 .text.uboot_logo_sjpg_decode
                0x0000000080e0fbe8       0xac common/libcommon.o
                0x0000000080e0fbe8                uboot_logo_sjpg_decode
 .text.stdio_get_list
                0x0000000080e0fc94        0xc common/libcommon.o
                0x0000000080e0fc94                stdio_get_list
 .text.stdio_get_by_name
                0x0000000080e0fca0       0x5c common/libcommon.o
                0x0000000080e0fca0                stdio_get_by_name
 .text.stdio_clone
                0x0000000080e0fcfc       0x38 common/libcommon.o
                0x0000000080e0fcfc                stdio_clone
 .text.stdio_register
                0x0000000080e0fd34       0x3c common/libcommon.o
                0x0000000080e0fd34                stdio_register
 .text.stdio_init
                0x0000000080e0fd70       0x90 common/libcommon.o
                0x0000000080e0fd70                stdio_init
 .text.alloc_pool
                0x0000000080e0fe00       0x38 common/libcommon.o
 .text.bitext   0x0000000080e0fe38       0xe8 common/libcommon.o
 .text.huffext  0x0000000080e0ff20      0x158 common/libcommon.o
 .text.jd_prepare
                0x0000000080e10078      0x6e0 common/libcommon.o
                0x0000000080e10078                jd_prepare
 .text.jd_decomp
                0x0000000080e10758      0xc30 common/libcommon.o
                0x0000000080e10758                jd_decomp
 .text.CYGACC_COMM_IF_GETC_TIMEOUT.isra.0
                0x0000000080e11388       0x5c common/libcommon.o
 .text.xyzModem_flush
                0x0000000080e113e4       0x1c common/libcommon.o
 .text.xyzModem_get_hdr
                0x0000000080e11400      0x234 common/libcommon.o
 .text.xyzModem_stream_open
                0x0000000080e11634      0x23c common/libcommon.o
                0x0000000080e11634                xyzModem_stream_open
 .text.xyzModem_stream_read
                0x0000000080e11870      0x258 common/libcommon.o
                0x0000000080e11870                xyzModem_stream_read
 .text.xyzModem_stream_close
                0x0000000080e11ac8       0x54 common/libcommon.o
                0x0000000080e11ac8                xyzModem_stream_close
 .text.xyzModem_stream_terminate
                0x0000000080e11b1c       0x94 common/libcommon.o
                0x0000000080e11b1c                xyzModem_stream_terminate
 .text.xyzModem_error
                0x0000000080e11bb0       0x20 common/libcommon.o
                0x0000000080e11bb0                xyzModem_error
 .text.get_dev  0x0000000080e11bd0       0x74 disk/libdisk.o
                0x0000000080e11bd0                get_dev
 .text.dev_print
                0x0000000080e11c44      0x218 disk/libdisk.o
                0x0000000080e11c44                dev_print
 .text.init_part
                0x0000000080e11e5c       0x20 disk/libdisk.o
                0x0000000080e11e5c                init_part
 .text.print_part
                0x0000000080e11e7c       0xe4 disk/libdisk.o
                0x0000000080e11e7c                print_part
 .text.get_partition_info
                0x0000000080e11f60       0x28 disk/libdisk.o
                0x0000000080e11f60                get_partition_info
 .text.get_device
                0x0000000080e11f88       0x84 disk/libdisk.o
                0x0000000080e11f88                get_device
 .text.get_device_and_partition
                0x0000000080e1200c      0x440 disk/libdisk.o
                0x0000000080e1200c                get_device_and_partition
 .text.test_block_type
                0x0000000080e1244c       0xfc disk/libdisk.o
 .text.print_partition_extended
                0x0000000080e12548      0x2c0 disk/libdisk.o
 .text.get_partition_info_extended.constprop.2
                0x0000000080e12808      0x298 disk/libdisk.o
 .text.test_part_dos
                0x0000000080e12aa0       0x94 disk/libdisk.o
                0x0000000080e12aa0                test_part_dos
 .text.print_part_dos
                0x0000000080e12b34       0x34 disk/libdisk.o
                0x0000000080e12b34                print_part_dos
 .text.get_partition_info_dos
                0x0000000080e12b68       0xec disk/libdisk.o
                0x0000000080e12b68                get_partition_info_dos
 .text.gpio_set_pin_level
                0x0000000080e12c54       0x70 drivers/gpio/libgpio.o
                0x0000000080e12c54                gpio_set_pin_level
 .text.gpio_set_pin_dir
                0x0000000080e12cc4       0x54 drivers/gpio/libgpio.o
                0x0000000080e12cc4                gpio_set_pin_dir
 .text.gpio_direction_output
                0x0000000080e12d18       0x28 drivers/gpio/libgpio.o
                0x0000000080e12d18                gpio_direction_output
 .text.gpio_set_pin_as_gpio
                0x0000000080e12d40       0x94 drivers/gpio/libgpio.o
                0x0000000080e12d40                gpio_set_pin_as_gpio
 .text.mmc_set_capacity
                0x0000000080e12dd4       0xac drivers/mmc/libmmc.o
 .text.board_mmc_getwp
                0x0000000080e12e80        0x8 drivers/mmc/libmmc.o
                0x0000000080e12e80                board_mmc_getwp
 .text.mmc_getwp
                0x0000000080e12e88       0x34 drivers/mmc/libmmc.o
                0x0000000080e12e88                mmc_getwp
 .text.__board_mmc_getcd
                0x0000000080e12ebc        0x8 drivers/mmc/libmmc.o
                0x0000000080e12ebc                __board_mmc_getcd
                0x0000000080e12ebc                board_mmc_getcd
 .text.mmc_send_cmd
                0x0000000080e12ec4        0x8 drivers/mmc/libmmc.o
                0x0000000080e12ec4                mmc_send_cmd
 .text.mmc_go_idle
                0x0000000080e12ecc       0x28 drivers/mmc/libmmc.o
 .text.mmc_send_op_cond_iter
                0x0000000080e12ef4       0x80 drivers/mmc/libmmc.o
 .text.mmc_send_ext_csd
                0x0000000080e12f74       0x4c drivers/mmc/libmmc.o
 .text.mmc_send_status
                0x0000000080e12fc0       0xc4 drivers/mmc/libmmc.o
                0x0000000080e12fc0                mmc_send_status
 .text.mmc_switch.isra.1
                0x0000000080e13084       0x54 drivers/mmc/libmmc.o
 .text.mmc_set_blocklen
                0x0000000080e130d8       0x30 drivers/mmc/libmmc.o
                0x0000000080e130d8                mmc_set_blocklen
 .text.find_mmc_device
                0x0000000080e13108       0x4c drivers/mmc/libmmc.o
                0x0000000080e13108                find_mmc_device
 .text.mmc_bread
                0x0000000080e13154      0x154 drivers/mmc/libmmc.o
 .text.mmc_complete_op_cond
                0x0000000080e132a8       0x8c drivers/mmc/libmmc.o
                0x0000000080e132a8                mmc_complete_op_cond
 .text.mmc_switch_part
                0x0000000080e13334       0x4c drivers/mmc/libmmc.o
                0x0000000080e13334                mmc_switch_part
 .text.mmc_getcd
                0x0000000080e13380       0x34 drivers/mmc/libmmc.o
                0x0000000080e13380                mmc_getcd
 .text.mmc_set_clock
                0x0000000080e133b4       0x40 drivers/mmc/libmmc.o
                0x0000000080e133b4                mmc_set_clock
 .text.mmc_startup
                0x0000000080e133f4      0xb8c drivers/mmc/libmmc.o
 .text.mmc_register
                0x0000000080e13f80       0x88 drivers/mmc/libmmc.o
                0x0000000080e13f80                mmc_register
 .text.mmc_start_init
                0x0000000080e14008      0x248 drivers/mmc/libmmc.o
                0x0000000080e14008                mmc_start_init
 .text.mmc_init
                0x0000000080e14250       0x90 drivers/mmc/libmmc.o
                0x0000000080e14250                mmc_init
 .text.mmc_get_dev
                0x0000000080e142e0       0x2c drivers/mmc/libmmc.o
                0x0000000080e142e0                mmc_get_dev
 .text.print_mmc_devices
                0x0000000080e1430c       0x68 drivers/mmc/libmmc.o
                0x0000000080e1430c                print_mmc_devices
 .text.get_mmc_num
                0x0000000080e14374       0x10 drivers/mmc/libmmc.o
                0x0000000080e14374                get_mmc_num
 .text.mmc_initialize
                0x0000000080e14384      0x120 drivers/mmc/libmmc.o
                0x0000000080e14384                mmc_initialize
 .text.ak_mmc_getcd
                0x0000000080e144a4        0x8 drivers/mmc/libmmc.o
 .text.ak_mmc_getwp
                0x0000000080e144ac       0x2c drivers/mmc/libmmc.o
 .text.ak_mmc_setup_gpio_in
                0x0000000080e144d8       0x4c drivers/mmc/libmmc.o
 .text.send_cmd.isra.3
                0x0000000080e14524       0xa0 drivers/mmc/libmmc.o
 .text.ak_set_clock.isra.0.constprop.11
                0x0000000080e145c4       0x6c drivers/mmc/libmmc.o
 .text.ak_mmc_init_setup
                0x0000000080e14630      0x1f0 drivers/mmc/libmmc.o
 .text.ak_mmc_send_cmd
                0x0000000080e14820      0x2d8 drivers/mmc/libmmc.o
 .text.ak_mmc_set_ios
                0x0000000080e14af8       0xa4 drivers/mmc/libmmc.o
 .text.ak_sdhsmmc_init
                0x0000000080e14b9c      0x1b0 drivers/mmc/libmmc.o
                0x0000000080e14b9c                ak_sdhsmmc_init
 .text.sd_init_info
                0x0000000080e14d4c      0x194 drivers/mmc/libmmc.o
                0x0000000080e14d4c                sd_init_info
 .text.mmc_berase
                0x0000000080e14ee0      0x198 drivers/mmc/libmmc.o
                0x0000000080e14ee0                mmc_berase
 .text.mmc_bwrite
                0x0000000080e15078      0x160 drivers/mmc/libmmc.o
                0x0000000080e15078                mmc_bwrite
 .text.add_mtd_device
                0x0000000080e151d8       0x88 drivers/mtd/libmtd.o
                0x0000000080e151d8                add_mtd_device
 .text.get_mtd_device_nm
                0x0000000080e15260       0x6c drivers/mtd/libmtd.o
                0x0000000080e15260                get_mtd_device_nm
 .text.spi_flash_read_write
                0x0000000080e152cc       0x74 drivers/mtd/spi/libspi_flash.o
 .text.spi_flash_cmd_read
                0x0000000080e15340       0x20 drivers/mtd/spi/libspi_flash.o
                0x0000000080e15340                spi_flash_cmd_read
 .text.spi_flash_cmd
                0x0000000080e15360       0x2c drivers/mtd/spi/libspi_flash.o
                0x0000000080e15360                spi_flash_cmd
 .text.spi_flash_cmd_write
                0x0000000080e1538c       0x20 drivers/mtd/spi/libspi_flash.o
                0x0000000080e1538c                spi_flash_cmd_write
 .text.spi_flash_probe
                0x0000000080e153ac      0x5ac drivers/mtd/spi/libspi_flash.o
                0x0000000080e153ac                spi_flash_probe
 .text.spi_flash_free
                0x0000000080e15958       0x1c drivers/mtd/spi/libspi_flash.o
                0x0000000080e15958                spi_flash_free
 .text.spi_flash_addr
                0x0000000080e15974       0x30 drivers/mtd/spi/libspi_flash.o
 .text.spi_flash_cmd_wait_ready
                0x0000000080e159a4       0xd8 drivers/mtd/spi/libspi_flash.o
                0x0000000080e159a4                spi_flash_cmd_wait_ready
 .text.show_spi_flash_reg
                0x0000000080e15a7c       0x38 drivers/mtd/spi/libspi_flash.o
                0x0000000080e15a7c                show_spi_flash_reg
 .text.spi_flash_quad_mode_enable
                0x0000000080e15ab4       0x68 drivers/mtd/spi/libspi_flash.o
                0x0000000080e15ab4                spi_flash_quad_mode_enable
 .text.spi_flash_write_common
                0x0000000080e15b1c       0xa0 drivers/mtd/spi/libspi_flash.o
                0x0000000080e15b1c                spi_flash_write_common
 .text.spi_flash_gd25q128c_cmd_write_status
                0x0000000080e15bbc       0x78 drivers/mtd/spi/libspi_flash.o
                0x0000000080e15bbc                spi_flash_gd25q128c_cmd_write_status
 .text.spi_flash_cmd_write_status
                0x0000000080e15c34       0xd8 drivers/mtd/spi/libspi_flash.o
                0x0000000080e15c34                spi_flash_cmd_write_status
 .text.spi_flash_xmc_cmd_write_status
                0x0000000080e15d0c       0x2c drivers/mtd/spi/libspi_flash.o
                0x0000000080e15d0c                spi_flash_xmc_cmd_write_status
 .text.spi_flash_cmd_bankaddr_write
                0x0000000080e15d38       0x54 drivers/mtd/spi/libspi_flash.o
 .text.spi_flash_write_common_volatile
                0x0000000080e15d8c       0xa0 drivers/mtd/spi/libspi_flash.o
                0x0000000080e15d8c                spi_flash_write_common_volatile
 .text.spi_flash_winbond_cmd_write_status_volatile
                0x0000000080e15e2c       0xb8 drivers/mtd/spi/libspi_flash.o
                0x0000000080e15e2c                spi_flash_winbond_cmd_write_status_volatile
 .text.spi_flash_cmd_erase_ops
                0x0000000080e15ee4      0x290 drivers/mtd/spi/libspi_flash.o
                0x0000000080e15ee4                spi_flash_cmd_erase_ops
 .text.spi_flash_read_common
                0x0000000080e16174       0x5c drivers/mtd/spi/libspi_flash.o
                0x0000000080e16174                spi_flash_read_common
 .text.spi_flash_cmd_read_status
                0x0000000080e161d0       0xd8 drivers/mtd/spi/libspi_flash.o
                0x0000000080e161d0                spi_flash_cmd_read_status
 .text.spi_flash_xmc_cmd_read_status
                0x0000000080e162a8       0xd8 drivers/mtd/spi/libspi_flash.o
                0x0000000080e162a8                spi_flash_xmc_cmd_read_status
 .text.spi_flash_write_extra
                0x0000000080e16380       0xec drivers/mtd/spi/libspi_flash.o
                0x0000000080e16380                spi_flash_write_extra
 .text.spi_flash_cmd_write_ops_extra
                0x0000000080e1646c       0xe8 drivers/mtd/spi/libspi_flash.o
                0x0000000080e1646c                spi_flash_cmd_write_ops_extra
 .text.spi_flash_read_extra
                0x0000000080e16554       0xa0 drivers/mtd/spi/libspi_flash.o
                0x0000000080e16554                spi_flash_read_extra
 .text.spi_flash_cmd_read_ops_extra
                0x0000000080e165f4      0x12c drivers/mtd/spi/libspi_flash.o
                0x0000000080e165f4                spi_flash_cmd_read_ops_extra
 .text.gmac_read_phy_reg
                0x0000000080e16720       0x50 drivers/net/libnet.o
 .text.gmac_write_phy_reg
                0x0000000080e16770       0x44 drivers/net/libnet.o
 .text.ak_gmac_phy_software_reset
                0x0000000080e167b4       0xb0 drivers/net/libnet.o
 .text.smc_rcv  0x0000000080e16864       0x80 drivers/net/libnet.o
 .text.gmac_rmii_sharepin_cfg
                0x0000000080e168e4       0xb8 drivers/net/libnet.o
 .text.smc_send
                0x0000000080e1699c       0xe8 drivers/net/libnet.o
 .text.smc_halt
                0x0000000080e16a84       0xa8 drivers/net/libnet.o
 .text.smc_write_hwaddr
                0x0000000080e16b2c       0x4c drivers/net/libnet.o
 .text.get_eth_reset_gpio
                0x0000000080e16b78       0xb8 drivers/net/libnet.o
                0x0000000080e16b78                get_eth_reset_gpio
 .text.get_eth1_reset_gpio
                0x0000000080e16c30       0xb8 drivers/net/libnet.o
                0x0000000080e16c30                get_eth1_reset_gpio
 .text.smc_init
                0x0000000080e16ce8      0xaf8 drivers/net/libnet.o
 .text.ak39_ethernet_initialize
                0x0000000080e177e0      0x22c drivers/net/libnet.o
                0x0000000080e177e0                ak39_ethernet_initialize
 .text.serial_init_dev
                0x0000000080e17a0c       0xc4 drivers/serial/libserial.o
 .text.akserial0_init
                0x0000000080e17ad0        0x8 drivers/serial/libserial.o
                0x0000000080e17ad0                akserial0_init
 .text.akserial1_init
                0x0000000080e17ad8        0x8 drivers/serial/libserial.o
                0x0000000080e17ad8                akserial1_init
 .text.akserial1_setbrg
                0x0000000080e17ae0        0x4 drivers/serial/libserial.o
                0x0000000080e17ae0                akserial1_setbrg
 .text.akserial0_setbrg
                0x0000000080e17ae4        0x4 drivers/serial/libserial.o
                0x0000000080e17ae4                akserial0_setbrg
 .text._serial_getc
                0x0000000080e17ae8       0xbc drivers/serial/libserial.o
                0x0000000080e17ae8                _serial_getc
 .text.akserial0_getc
                0x0000000080e17ba4        0x8 drivers/serial/libserial.o
                0x0000000080e17ba4                akserial0_getc
 .text.akserial1_getc
                0x0000000080e17bac        0x8 drivers/serial/libserial.o
                0x0000000080e17bac                akserial1_getc
 .text._serial_putc
                0x0000000080e17bb4       0x70 drivers/serial/libserial.o
                0x0000000080e17bb4                _serial_putc
 .text.akserial0_putc
                0x0000000080e17c24        0x8 drivers/serial/libserial.o
                0x0000000080e17c24                akserial0_putc
 .text.akserial1_putc
                0x0000000080e17c2c        0x8 drivers/serial/libserial.o
                0x0000000080e17c2c                akserial1_putc
 .text._serial_tstc
                0x0000000080e17c34       0x40 drivers/serial/libserial.o
                0x0000000080e17c34                _serial_tstc
 .text.akserial0_tstc
                0x0000000080e17c74        0x8 drivers/serial/libserial.o
                0x0000000080e17c74                akserial0_tstc
 .text.akserial1_tstc
                0x0000000080e17c7c        0x8 drivers/serial/libserial.o
                0x0000000080e17c7c                akserial1_tstc
 .text._serial_puts
                0x0000000080e17c84       0x40 drivers/serial/libserial.o
                0x0000000080e17c84                _serial_puts
 .text.akserial0_puts
                0x0000000080e17cc4        0x8 drivers/serial/libserial.o
                0x0000000080e17cc4                akserial0_puts
 .text.akserial1_puts
                0x0000000080e17ccc        0x8 drivers/serial/libserial.o
                0x0000000080e17ccc                akserial1_puts
 .text.default_serial_console
                0x0000000080e17cd4        0xc drivers/serial/libserial.o
                0x0000000080e17cd4                default_serial_console
 .text.ak39_serial_initialize
                0x0000000080e17ce0       0x20 drivers/serial/libserial.o
                0x0000000080e17ce0                ak39_serial_initialize
 .text.get_current
                0x0000000080e17d00       0x40 drivers/serial/libserial.o
 .text.serial_null
                0x0000000080e17d40        0x4 drivers/serial/libserial.o
                0x0000000080e17d40                jz_serial_initialize
                0x0000000080e17d40                bfin_serial_initialize
                0x0000000080e17d40                p3mx_serial_initialize
                0x0000000080e17d40                leon2_serial_initialize
                0x0000000080e17d40                leon3_serial_initialize
                0x0000000080e17d40                amirix_serial_initialize
                0x0000000080e17d40                marvell_serial_initialize
                0x0000000080e17d40                cpci750_serial_initialize
                0x0000000080e17d40                ns16550_serial_initialize
                0x0000000080e17d40                asc_serial_initialize
                0x0000000080e17d40                altera_serial_initialize
                0x0000000080e17d40                oc_serial_initialize
                0x0000000080e17d40                sh_serial_initialize
                0x0000000080e17d40                mxs_auart_initialize
                0x0000000080e17d40                arm_dcc_initialize
                0x0000000080e17d40                bmw_serial_initialize
                0x0000000080e17d40                mcf_serial_initialize
                0x0000000080e17d40                lh7a40x_serial_initialize
                0x0000000080e17d40                evb64260_serial_initialize
                0x0000000080e17d40                lpc32xx_serial_initialize
                0x0000000080e17d40                max3100_serial_initialize
                0x0000000080e17d40                mpc85xx_serial_initialize
                0x0000000080e17d40                imx_serial_initialize
                0x0000000080e17d40                ixp_serial_initialize
                0x0000000080e17d40                bfin_jtag_initialize
                0x0000000080e17d40                cogent_serial_initialize
                0x0000000080e17d40                clps7111_serial_initialize
                0x0000000080e17d40                ml2_serial_initialize
                0x0000000080e17d40                sandbox_serial_initialize
                0x0000000080e17d40                s3c24xx_serial_initialize
                0x0000000080e17d40                sconsole_serial_initialize
                0x0000000080e17d40                uartlite_serial_initialize
                0x0000000080e17d40                au1x00_serial_initialize
                0x0000000080e17d40                pxa_serial_initialize
                0x0000000080e17d40                atmel_serial_initialize
                0x0000000080e17d40                pl01x_serial_initialize
                0x0000000080e17d40                altera_jtag_serial_initialize
                0x0000000080e17d40                zynq_serial_initalize
                0x0000000080e17d40                mpc512x_serial_initialize
                0x0000000080e17d40                s5p_serial_initialize
                0x0000000080e17d40                ks8695_serial_initialize
                0x0000000080e17d40                sa1100_serial_initialize
                0x0000000080e17d40                mpc8260_scc_serial_initialize
                0x0000000080e17d40                mxc_serial_initialize
                0x0000000080e17d40                iop480_serial_initialize
                0x0000000080e17d40                mpc8xx_serial_initialize
                0x0000000080e17d40                mpc8260_smc_serial_initialize
                0x0000000080e17d40                mpc5xx_serial_initialize
 .text.serial_register
                0x0000000080e17d44       0x18 drivers/serial/libserial.o
                0x0000000080e17d44                serial_register
 .text.serial_stdio_init
                0x0000000080e17d5c       0x8c drivers/serial/libserial.o
                0x0000000080e17d5c                serial_stdio_init
 .text.serial_assign
                0x0000000080e17de8       0x4c drivers/serial/libserial.o
                0x0000000080e17de8                serial_assign
 .text.serial_initialize
                0x0000000080e17e34       0xd4 drivers/serial/libserial.o
                0x0000000080e17e34                serial_initialize
 .text.serial_init
                0x0000000080e17f08       0x14 drivers/serial/libserial.o
                0x0000000080e17f08                serial_init
 .text.serial_setbrg
                0x0000000080e17f1c       0x14 drivers/serial/libserial.o
                0x0000000080e17f1c                serial_setbrg
 .text.on_baudrate
                0x0000000080e17f30       0xf0 drivers/serial/libserial.o
 .text.serial_getc
                0x0000000080e18020       0x14 drivers/serial/libserial.o
                0x0000000080e18020                serial_getc
 .text.serial_tstc
                0x0000000080e18034       0x14 drivers/serial/libserial.o
                0x0000000080e18034                serial_tstc
 .text.serial_putc
                0x0000000080e18048       0x1c drivers/serial/libserial.o
                0x0000000080e18048                serial_putc
 .text.serial_puts
                0x0000000080e18064       0x1c drivers/serial/libserial.o
                0x0000000080e18064                serial_puts
 .text.spi_do_alloc_slave
                0x0000000080e18080       0x44 drivers/spi/libspi.o
                0x0000000080e18080                spi_do_alloc_slave
 .text.spi_rxdword
                0x0000000080e180c4       0x50 drivers/spi/libspi.o
 .text.ak_spi_start_txrx.isra.4
                0x0000000080e18114       0x5c drivers/spi/libspi.o
 .text.spi_sharepin_cfg
                0x0000000080e18170       0x34 drivers/spi/libspi.o
                0x0000000080e18170                spi_sharepin_cfg
 .text.spi_setup_slave
                0x0000000080e181a4      0x1a8 drivers/spi/libspi.o
                0x0000000080e181a4                spi_setup_slave
 .text.spi_free_slave
                0x0000000080e1834c        0x4 drivers/spi/libspi.o
                0x0000000080e1834c                spi_free_slave
 .text.spi_cs_activate
                0x0000000080e18350       0x18 drivers/spi/libspi.o
                0x0000000080e18350                spi_cs_activate
 .text.spi_claim_bus
                0x0000000080e18368        0x8 drivers/spi/libspi.o
                0x0000000080e18368                spi_claim_bus
 .text.spi_release_bus
                0x0000000080e18370        0x4 drivers/spi/libspi.o
                0x0000000080e18370                spi_release_bus
 .text.ak_spi_read_cpu
                0x0000000080e18374      0x15c drivers/spi/libspi.o
                0x0000000080e18374                ak_spi_read_cpu
 .text.ak_spi_write_cpu
                0x0000000080e184d0      0x184 drivers/spi/libspi.o
                0x0000000080e184d0                ak_spi_write_cpu
 .text.ak_spi_write_internal
                0x0000000080e18654       0xf0 drivers/spi/libspi.o
                0x0000000080e18654                ak_spi_write_internal
 .text.ak_spi_read_internal
                0x0000000080e18744      0x150 drivers/spi/libspi.o
                0x0000000080e18744                ak_spi_read_internal
 .text.ak_spi_write
                0x0000000080e18894       0xcc drivers/spi/libspi.o
                0x0000000080e18894                ak_spi_write
 .text.ak_spi_read
                0x0000000080e18960       0xb8 drivers/spi/libspi.o
                0x0000000080e18960                ak_spi_read
 .text.spi_xfer
                0x0000000080e18a18       0xe8 drivers/spi/libspi.o
                0x0000000080e18a18                spi_xfer
 .text.rgb_panel_info_cfg
                0x0000000080e18b00      0x27c drivers/video/libvideo.o
 .text.mipi_panel_cmd_setting
                0x0000000080e18d7c      0x238 drivers/video/libvideo.o
 .text.mpu_recover_buswidth.isra.4
                0x0000000080e18fb4       0x20 drivers/video/libvideo.o
 .text.mpu_set_16bit_buswidth.isra.7
                0x0000000080e18fd4       0x30 drivers/video/libvideo.o
 .text.mpu_write_reg
                0x0000000080e19004       0x4c drivers/video/libvideo.o
 .text.mpu_read_reg.isra.8
                0x0000000080e19050       0xbc drivers/video/libvideo.o
 .text.ak_get_asic_pll_clk
                0x0000000080e1910c       0x34 drivers/video/libvideo.o
                0x0000000080e1910c                ak_get_asic_pll_clk
 .text.ak_lcd_parameter_parse_dt1
                0x0000000080e19140      0x484 drivers/video/libvideo.o
                0x0000000080e19140                ak_lcd_parameter_parse_dt1
 .text.ak_lcd_parameter_parse_dt2
                0x0000000080e195c4      0x4b8 drivers/video/libvideo.o
                0x0000000080e195c4                ak_lcd_parameter_parse_dt2
 .text.ak_lcd_parameter_parse_dt3
                0x0000000080e19a7c      0x1bc drivers/video/libvideo.o
                0x0000000080e19a7c                ak_lcd_parameter_parse_dt3
 .text.lcd_ctrl_init
                0x0000000080e19c38      0xc7c drivers/video/libvideo.o
                0x0000000080e19c38                lcd_ctrl_init
 .text.lcd_enable
                0x0000000080e1a8b4      0x230 drivers/video/libvideo.o
                0x0000000080e1a8b4                lcd_enable
 .text.lcd_disable
                0x0000000080e1aae4       0x28 drivers/video/libvideo.o
                0x0000000080e1aae4                lcd_disable
 .text.wdt_enable
                0x0000000080e1ab0c       0x28 drivers/watchdog/libwatchdog.o
                0x0000000080e1ab0c                wdt_enable
 .text.wdt_keepalive
                0x0000000080e1ab34       0x3c drivers/watchdog/libwatchdog.o
                0x0000000080e1ab34                wdt_keepalive
 .text.downcase
                0x0000000080e1ab70       0x30 fs/fat/libfat.o
 .text.disk_read
                0x0000000080e1aba0       0x64 fs/fat/libfat.o
 .text.dirdelim
                0x0000000080e1ac04       0x30 fs/fat/libfat.o
 .text.get_fatent
                0x0000000080e1ac34      0x15c fs/fat/libfat.o
 .text.mkcksum  0x0000000080e1ad90       0x50 fs/fat/libfat.o
 .text.get_cluster
                0x0000000080e1ade0      0x170 fs/fat/libfat.o
 .text.get_name
                0x0000000080e1af50       0xac fs/fat/libfat.o
 .text.read_bootsectandvi
                0x0000000080e1affc      0x124 fs/fat/libfat.o
 .text.slot2str
                0x0000000080e1b120       0xbc fs/fat/libfat.o
 .text.get_vfatname
                0x0000000080e1b1dc      0x1b0 fs/fat/libfat.o
 .text.fat_set_blk_dev
                0x0000000080e1b38c       0xcc fs/fat/libfat.o
                0x0000000080e1b38c                fat_set_blk_dev
 .text.do_fat_read_at
                0x0000000080e1b458      0xad0 fs/fat/libfat.o
                0x0000000080e1b458                do_fat_read_at
 .text.do_fat_read
                0x0000000080e1bf28       0x28 fs/fat/libfat.o
                0x0000000080e1bf28                do_fat_read
 .text.file_fat_detectfs
                0x0000000080e1bf50      0x148 fs/fat/libfat.o
                0x0000000080e1bf50                file_fat_detectfs
 .text.file_fat_ls
                0x0000000080e1c098       0x10 fs/fat/libfat.o
                0x0000000080e1c098                file_fat_ls
 .text.file_fat_read_at
                0x0000000080e1c0a8       0x48 fs/fat/libfat.o
                0x0000000080e1c0a8                file_fat_read_at
 .text.fat_read_file
                0x0000000080e1c0f0       0x3c fs/fat/libfat.o
                0x0000000080e1c0f0                fat_read_file
 .text.fat_close
                0x0000000080e1c12c        0x4 fs/fat/libfat.o
                0x0000000080e1c12c                fat_close
 .text.fs_probe_unsupported
                0x0000000080e1c130       0x18 fs/libfs.o
 .text.fs_ls_unsupported
                0x0000000080e1c148        0x8 fs/libfs.o
 .text.fs_read_unsupported
                0x0000000080e1c150        0x8 fs/libfs.o
 .text.fs_write_unsupported
                0x0000000080e1c158        0x8 fs/libfs.o
 .text.fs_close_unsupported
                0x0000000080e1c160        0x4 fs/libfs.o
 .text.fs_get_info
                0x0000000080e1c164       0x20 fs/libfs.o
 .text.fs_close
                0x0000000080e1c184       0x28 fs/libfs.o
 .text.fs_set_blk_dev
                0x0000000080e1c1ac       0xa0 fs/libfs.o
                0x0000000080e1c1ac                fs_set_blk_dev
 .text.fs_ls    0x0000000080e1c24c       0x3c fs/libfs.o
                0x0000000080e1c24c                fs_ls
 .text.fs_read  0x0000000080e1c288       0xa4 fs/libfs.o
                0x0000000080e1c288                fs_read
 .text.do_load  0x0000000080e1c32c      0x1e0 fs/libfs.o
                0x0000000080e1c32c                do_load
 .text.do_ls    0x0000000080e1c50c       0x68 fs/libfs.o
                0x0000000080e1c50c                do_ls
 .text.fdt_check_header
                0x0000000080e1c574       0xc4 lib/libfdt/libfdt.o
                0x0000000080e1c574                fdt_check_header
 .text.fdt_offset_ptr
                0x0000000080e1c638       0x8c lib/libfdt/libfdt.o
                0x0000000080e1c638                fdt_offset_ptr
 .text.fdt_next_tag
                0x0000000080e1c6c4      0x124 lib/libfdt/libfdt.o
                0x0000000080e1c6c4                fdt_next_tag
 .text._fdt_check_node_offset
                0x0000000080e1c7e8       0x3c lib/libfdt/libfdt.o
                0x0000000080e1c7e8                _fdt_check_node_offset
 .text._fdt_check_prop_offset
                0x0000000080e1c824       0x3c lib/libfdt/libfdt.o
                0x0000000080e1c824                _fdt_check_prop_offset
 .text.fdt_next_node
                0x0000000080e1c860       0xb8 lib/libfdt/libfdt.o
                0x0000000080e1c860                fdt_next_node
 .text._fdt_find_string
                0x0000000080e1c918       0x5c lib/libfdt/libfdt.o
                0x0000000080e1c918                _fdt_find_string
 .text.fdt_move
                0x0000000080e1c974       0x5c lib/libfdt/libfdt.o
                0x0000000080e1c974                fdt_move
 .text._nextprop
                0x0000000080e1c9d0       0x5c lib/libfdt/libfdt.o
 .text.fdt_string
                0x0000000080e1ca2c       0x28 lib/libfdt/libfdt.o
                0x0000000080e1ca2c                fdt_string
 .text.fdt_get_mem_rsv
                0x0000000080e1ca54       0xc8 lib/libfdt/libfdt.o
                0x0000000080e1ca54                fdt_get_mem_rsv
 .text.fdt_num_mem_rsv
                0x0000000080e1cb1c       0x84 lib/libfdt/libfdt.o
                0x0000000080e1cb1c                fdt_num_mem_rsv
 .text.fdt_subnode_offset_namelen
                0x0000000080e1cba0       0xd4 lib/libfdt/libfdt.o
                0x0000000080e1cba0                fdt_subnode_offset_namelen
 .text.fdt_get_name
                0x0000000080e1cc74       0x88 lib/libfdt/libfdt.o
                0x0000000080e1cc74                fdt_get_name
 .text.fdt_first_property_offset
                0x0000000080e1ccfc       0x20 lib/libfdt/libfdt.o
                0x0000000080e1ccfc                fdt_first_property_offset
 .text.fdt_next_property_offset
                0x0000000080e1cd1c       0x20 lib/libfdt/libfdt.o
                0x0000000080e1cd1c                fdt_next_property_offset
 .text.fdt_get_property_by_offset
                0x0000000080e1cd3c       0x7c lib/libfdt/libfdt.o
                0x0000000080e1cd3c                fdt_get_property_by_offset
 .text.fdt_get_property_namelen
                0x0000000080e1cdb8       0xb4 lib/libfdt/libfdt.o
                0x0000000080e1cdb8                fdt_get_property_namelen
 .text.fdt_get_property
                0x0000000080e1ce6c       0x3c lib/libfdt/libfdt.o
                0x0000000080e1ce6c                fdt_get_property
 .text.fdt_getprop_namelen
                0x0000000080e1cea8       0x20 lib/libfdt/libfdt.o
                0x0000000080e1cea8                fdt_getprop_namelen
 .text.fdt_getprop
                0x0000000080e1cec8       0x3c lib/libfdt/libfdt.o
                0x0000000080e1cec8                fdt_getprop
 .text.fdt_get_alias_namelen
                0x0000000080e1cf04       0x48 lib/libfdt/libfdt.o
                0x0000000080e1cf04                fdt_get_alias_namelen
 .text.fdt_path_offset
                0x0000000080e1cf4c       0xec lib/libfdt/libfdt.o
                0x0000000080e1cf4c                fdt_path_offset
 .text.fdt_supernode_atdepth_offset
                0x0000000080e1d038       0xb8 lib/libfdt/libfdt.o
                0x0000000080e1d038                fdt_supernode_atdepth_offset
 .text.fdt_node_depth
                0x0000000080e1d0f0       0x28 lib/libfdt/libfdt.o
                0x0000000080e1d0f0                fdt_node_depth
 .text.fdt_stringlist_contains
                0x0000000080e1d118       0x7c lib/libfdt/libfdt.o
                0x0000000080e1d118                fdt_stringlist_contains
 .text.fdt_node_check_compatible
                0x0000000080e1d194       0x40 lib/libfdt/libfdt.o
                0x0000000080e1d194                fdt_node_check_compatible
 .text.fdt_node_offset_by_compatible
                0x0000000080e1d1d4       0x74 lib/libfdt/libfdt.o
                0x0000000080e1d1d4                fdt_node_offset_by_compatible
 .text._fdt_blocks_misordered
                0x0000000080e1d248       0xcc lib/libfdt/libfdt.o
 .text._fdt_splice
                0x0000000080e1d314       0xb4 lib/libfdt/libfdt.o
 .text._fdt_splice_mem_rsv
                0x0000000080e1d3c8       0xa8 lib/libfdt/libfdt.o
 .text._fdt_splice_struct
                0x0000000080e1d470       0x9c lib/libfdt/libfdt.o
 .text._fdt_packblocks
                0x0000000080e1d50c      0x148 lib/libfdt/libfdt.o
 .text._fdt_add_property
                0x0000000080e1d654      0x1d4 lib/libfdt/libfdt.o
 .text._fdt_rw_check_header
                0x0000000080e1d828       0x88 lib/libfdt/libfdt.o
 .text.fdt_add_mem_rsv
                0x0000000080e1d8b0       0xec lib/libfdt/libfdt.o
                0x0000000080e1d8b0                fdt_add_mem_rsv
 .text.fdt_del_mem_rsv
                0x0000000080e1d99c       0x70 lib/libfdt/libfdt.o
                0x0000000080e1d99c                fdt_del_mem_rsv
 .text.fdt_setprop
                0x0000000080e1da0c       0xe4 lib/libfdt/libfdt.o
                0x0000000080e1da0c                fdt_setprop
 .text.fdt_delprop
                0x0000000080e1daf0       0x64 lib/libfdt/libfdt.o
                0x0000000080e1daf0                fdt_delprop
 .text.fdt_add_subnode_namelen
                0x0000000080e1db54      0x104 lib/libfdt/libfdt.o
                0x0000000080e1db54                fdt_add_subnode_namelen
 .text.fdt_add_subnode
                0x0000000080e1dc58       0x30 lib/libfdt/libfdt.o
                0x0000000080e1dc58                fdt_add_subnode
 .text.fdt_del_node
                0x0000000080e1dc88       0x74 lib/libfdt/libfdt.o
                0x0000000080e1dc88                fdt_del_node
 .text.fdt_open_into
                0x0000000080e1dcfc      0x24c lib/libfdt/libfdt.o
                0x0000000080e1dcfc                fdt_open_into
 .text.fdt_strerror
                0x0000000080e1df48       0x58 lib/libfdt/libfdt.o
                0x0000000080e1df48                fdt_strerror
 .text._fdt_node_end_offset
                0x0000000080e1dfa0       0x44 lib/libfdt/libfdt.o
                0x0000000080e1dfa0                _fdt_node_end_offset
 .text.cyg_crc16
                0x0000000080e1dfe4       0x48 lib/libgeneric.o
                0x0000000080e1dfe4                cyg_crc16
 .text.crc32_no_comp
                0x0000000080e1e02c       0xd8 lib/libgeneric.o
                0x0000000080e1e02c                crc32_no_comp
 .text.crc32    0x0000000080e1e104       0x14 lib/libgeneric.o
                0x0000000080e1e104                crc32
 .text.crc32_wd
                0x0000000080e1e118        0x4 lib/libgeneric.o
                0x0000000080e1e118                crc32_wd
 .text.print_size
                0x0000000080e1e11c      0x130 lib/libgeneric.o
                0x0000000080e1e11c                print_size
 .text.print_buffer
                0x0000000080e1e24c      0x1b0 lib/libgeneric.o
                0x0000000080e1e24c                print_buffer
 .text.__div64_32
                0x0000000080e1e3fc       0xd0 lib/libgeneric.o
                0x0000000080e1e3fc                __div64_32
 .text.get_prop_check_min_len
                0x0000000080e1e4cc       0x3c lib/libgeneric.o
 .text.fdtdec_get_int
                0x0000000080e1e508       0x50 lib/libgeneric.o
                0x0000000080e1e508                fdtdec_get_int
 .text.fdtdec_get_valoffset_int
                0x0000000080e1e558       0x58 lib/libgeneric.o
                0x0000000080e1e558                fdtdec_get_valoffset_int
 .text.fdtdec_get_is_enabled
                0x0000000080e1e5b0       0x3c lib/libgeneric.o
                0x0000000080e1e5b0                fdtdec_get_is_enabled
 .text.fdtdec_next_compatible
                0x0000000080e1e5ec       0x10 lib/libgeneric.o
                0x0000000080e1e5ec                fdtdec_next_compatible
 .text.fdtdec_next_compatible_subnode_sta
                0x0000000080e1e5fc       0x88 lib/libgeneric.o
                0x0000000080e1e5fc                fdtdec_next_compatible_subnode_sta
 .text.fdtdec_prepare_fdt
                0x0000000080e1e684       0x44 lib/libgeneric.o
                0x0000000080e1e684                fdtdec_prepare_fdt
 .text.fdtdec_check_fdt
                0x0000000080e1e6c8       0x10 lib/libgeneric.o
                0x0000000080e1e6c8                fdtdec_check_fdt
 .text.fdtdec_get_int_array
                0x0000000080e1e6d8       0x74 lib/libgeneric.o
                0x0000000080e1e6d8                fdtdec_get_int_array
 .text.fdtdec_get_bool
                0x0000000080e1e74c       0x1c lib/libgeneric.o
                0x0000000080e1e74c                fdtdec_get_bool
 .text.fdtdec_get_config_int
                0x0000000080e1e768       0x40 lib/libgeneric.o
                0x0000000080e1e768                fdtdec_get_config_int
 .text.fdtdec_get_config_string
                0x0000000080e1e7a8       0x3c lib/libgeneric.o
                0x0000000080e1e7a8                fdtdec_get_config_string
 .text.hang     0x0000000080e1e7e4       0x1c lib/libgeneric.o
                0x0000000080e1e7e4                hang
 .text.cmpkey   0x0000000080e1e800       0x14 lib/libgeneric.o
 .text._hdelete.isra.1
                0x0000000080e1e814       0x50 lib/libgeneric.o
 .text.drop_var_from_set.part.2
                0x0000000080e1e864       0x50 lib/libgeneric.o
 .text.match_string.isra.3
                0x0000000080e1e8b4       0x60 lib/libgeneric.o
 .text.hcreate_r
                0x0000000080e1e914       0xb0 lib/libgeneric.o
                0x0000000080e1e914                hcreate_r
 .text.hdestroy_r
                0x0000000080e1e9c4       0x78 lib/libgeneric.o
                0x0000000080e1e9c4                hdestroy_r
 .text.hmatch_r
                0x0000000080e1ea3c       0xa0 lib/libgeneric.o
                0x0000000080e1ea3c                hmatch_r
 .text.hsearch_r
                0x0000000080e1eadc      0x4dc lib/libgeneric.o
                0x0000000080e1eadc                hsearch_r
 .text.hdelete_r
                0x0000000080e1efb8       0xd8 lib/libgeneric.o
                0x0000000080e1efb8                hdelete_r
 .text.hexport_r
                0x0000000080e1f090      0x310 lib/libgeneric.o
                0x0000000080e1f090                hexport_r
 .text.himport_r
                0x0000000080e1f3a0      0x34c lib/libgeneric.o
                0x0000000080e1f3a0                himport_r
 .text.hwalk_r  0x0000000080e1f6ec       0x58 lib/libgeneric.o
                0x0000000080e1f6ec                hwalk_r
 .text.skip_spaces
                0x0000000080e1f744       0x28 lib/libgeneric.o
                0x0000000080e1f744                skip_spaces
 .text.strim    0x0000000080e1f76c       0x60 lib/libgeneric.o
                0x0000000080e1f76c                strim
 .text.lmb_add_region
                0x0000000080e1f7cc      0x1a4 lib/libgeneric.o
 .text.lmb_init
                0x0000000080e1f970       0x28 lib/libgeneric.o
                0x0000000080e1f970                lmb_init
 .text.lmb_add  0x0000000080e1f998        0x4 lib/libgeneric.o
                0x0000000080e1f998                lmb_add
 .text.lmb_free
                0x0000000080e1f99c      0x104 lib/libgeneric.o
                0x0000000080e1f99c                lmb_free
 .text.lmb_reserve
                0x0000000080e1faa0        0x8 lib/libgeneric.o
                0x0000000080e1faa0                lmb_reserve
 .text.lmb_overlaps_region
                0x0000000080e1faa8       0x58 lib/libgeneric.o
                0x0000000080e1faa8                lmb_overlaps_region
 .text.__lmb_alloc_base
                0x0000000080e1fb00      0x108 lib/libgeneric.o
                0x0000000080e1fb00                __lmb_alloc_base
 .text.lmb_alloc_base
                0x0000000080e1fc08       0x34 lib/libgeneric.o
                0x0000000080e1fc08                lmb_alloc_base
 .text.lmb_alloc
                0x0000000080e1fc3c        0x8 lib/libgeneric.o
                0x0000000080e1fc3c                lmb_alloc
 .text.__board_lmb_reserve
                0x0000000080e1fc44        0x4 lib/libgeneric.o
                0x0000000080e1fc44                board_lmb_reserve
                0x0000000080e1fc44                __board_lmb_reserve
 .text.string_to_ip
                0x0000000080e1fc48       0x74 lib/libgeneric.o
                0x0000000080e1fc48                string_to_ip
 .text.qsort    0x0000000080e1fcbc       0xd8 lib/libgeneric.o
                0x0000000080e1fcbc                qsort
 .text.strcmp_compar
                0x0000000080e1fd94        0xc lib/libgeneric.o
                0x0000000080e1fd94                strcmp_compar
 .text.strcpy   0x0000000080e1fda0       0x18 lib/libgeneric.o
                0x0000000080e1fda0                strcpy
 .text.strncpy  0x0000000080e1fdb8       0x24 lib/libgeneric.o
                0x0000000080e1fdb8                strncpy
 .text.strcmp   0x0000000080e1fddc       0x2c lib/libgeneric.o
                0x0000000080e1fddc                strcmp
 .text.strncmp  0x0000000080e1fe08       0x40 lib/libgeneric.o
                0x0000000080e1fe08                strncmp
 .text.strchr   0x0000000080e1fe48       0x2c lib/libgeneric.o
                0x0000000080e1fe48                strchr
 .text.strlen   0x0000000080e1fe74       0x20 lib/libgeneric.o
                0x0000000080e1fe74                strlen
 .text.strnlen  0x0000000080e1fe94       0x2c lib/libgeneric.o
                0x0000000080e1fe94                strnlen
 .text.strdup   0x0000000080e1fec0       0x40 lib/libgeneric.o
                0x0000000080e1fec0                strdup
 .text.strspn   0x0000000080e1ff00       0x3c lib/libgeneric.o
                0x0000000080e1ff00                strspn
 .text.strpbrk  0x0000000080e1ff3c       0x3c lib/libgeneric.o
                0x0000000080e1ff3c                strpbrk
 .text.strtok   0x0000000080e1ff78       0x88 lib/libgeneric.o
                0x0000000080e1ff78                strtok
 .text.memset   0x0000000080e20000       0x5c lib/libgeneric.o
                0x0000000080e20000                memset
 .text.memcpy   0x0000000080e2005c       0x6c lib/libgeneric.o
                0x0000000080e2005c                memcpy
 .text.memmove  0x0000000080e200c8       0x48 lib/libgeneric.o
                0x0000000080e200c8                memmove
 .text.memcmp   0x0000000080e20110       0x30 lib/libgeneric.o
                0x0000000080e20110                memcmp
 .text.strstr   0x0000000080e20140       0x6c lib/libgeneric.o
                0x0000000080e20140                strstr
 .text.memchr   0x0000000080e201ac       0x30 lib/libgeneric.o
                0x0000000080e201ac                memchr
 .text.udelay   0x0000000080e201dc       0x30 lib/libgeneric.o
                0x0000000080e201dc                udelay
 .text.mdelay   0x0000000080e2020c       0x24 lib/libgeneric.o
                0x0000000080e2020c                mdelay
 .text.put_dec_trunc
                0x0000000080e20230       0xec lib/libgeneric.o
 .text.put_dec  0x0000000080e2031c      0x14c lib/libgeneric.o
 .text.string.isra.0
                0x0000000080e20468       0x94 lib/libgeneric.o
 .text.number.isra.4
                0x0000000080e204fc      0x24c lib/libgeneric.o
 .text.vsnprintf_internal.isra.6
                0x0000000080e20748      0x614 lib/libgeneric.o
 .text.simple_strtoul
                0x0000000080e20d5c       0xb8 lib/libgeneric.o
                0x0000000080e20d5c                simple_strtoul
 .text.strict_strtoul
                0x0000000080e20e14       0x78 lib/libgeneric.o
                0x0000000080e20e14                strict_strtoul
 .text.simple_strtol
                0x0000000080e20e8c       0x28 lib/libgeneric.o
                0x0000000080e20e8c                simple_strtol
 .text.simple_strtoull
                0x0000000080e20eb4       0xdc lib/libgeneric.o
                0x0000000080e20eb4                simple_strtoull
 .text.vsprintf
                0x0000000080e20f90        0x4 lib/libgeneric.o
                0x0000000080e20f90                vsprintf
 .text.sprintf  0x0000000080e20f94       0x28 lib/libgeneric.o
                0x0000000080e20f94                sprintf
 .text.panic    0x0000000080e20fbc       0x44 lib/libgeneric.o
                0x0000000080e20fbc                panic
 .text.simple_itoa
                0x0000000080e21000       0x54 lib/libgeneric.o
                0x0000000080e21000                simple_itoa
 .text.ArpInit  0x0000000080e21054       0x50 net/libnet.o
                0x0000000080e21054                ArpInit
 .text.arp_raw_request
                0x0000000080e210a4       0xc4 net/libnet.o
                0x0000000080e210a4                arp_raw_request
 .text.ArpRequest
                0x0000000080e21168       0xa4 net/libnet.o
                0x0000000080e21168                ArpRequest
 .text.ArpTimeoutCheck
                0x0000000080e2120c       0x84 net/libnet.o
                0x0000000080e2120c                ArpTimeoutCheck
 .text.ArpReceive
                0x0000000080e21290      0x220 net/libnet.o
                0x0000000080e21290                ArpReceive
 .text.BootpHandler
                0x0000000080e214b0      0x378 net/libnet.o
 .text.BootpRequest
                0x0000000080e21828      0x21c net/libnet.o
                0x0000000080e21828                BootpRequest
 .text.BootpTimeout
                0x0000000080e21a44       0x48 net/libnet.o
 .text.__def_eth_init
                0x0000000080e21a8c        0x8 net/libnet.o
                0x0000000080e21a8c                cpu_eth_init
 .text.eth_current_changed
                0x0000000080e21a94       0x60 net/libnet.o
 .text.eth_parse_enetaddr
                0x0000000080e21af4       0x54 net/libnet.o
                0x0000000080e21af4                eth_parse_enetaddr
 .text.eth_getenv_enetaddr
                0x0000000080e21b48       0x5c net/libnet.o
                0x0000000080e21b48                eth_getenv_enetaddr
 .text.eth_setenv_enetaddr
                0x0000000080e21ba4       0x34 net/libnet.o
                0x0000000080e21ba4                eth_setenv_enetaddr
 .text.eth_getenv_enetaddr_by_index
                0x0000000080e21bd8       0x50 net/libnet.o
                0x0000000080e21bd8                eth_getenv_enetaddr_by_index
 .text.eth_get_dev_index
                0x0000000080e21c28       0x1c net/libnet.o
                0x0000000080e21c28                eth_get_dev_index
 .text.eth_write_hwaddr
                0x0000000080e21c44      0x1c8 net/libnet.o
                0x0000000080e21c44                eth_write_hwaddr
 .text.eth_register
                0x0000000080e21e0c       0x7c net/libnet.o
                0x0000000080e21e0c                eth_register
 .text.eth_initialize
                0x0000000080e21e88      0x1c8 net/libnet.o
                0x0000000080e21e88                eth_initialize
 .text.eth_halt
                0x0000000080e22050       0x30 net/libnet.o
                0x0000000080e22050                eth_halt
 .text.eth_send
                0x0000000080e22080       0x38 net/libnet.o
                0x0000000080e22080                eth_send
 .text.eth_rx   0x0000000080e220b8       0x24 net/libnet.o
                0x0000000080e220b8                eth_rx
 .text.eth_try_another
                0x0000000080e220dc       0x84 net/libnet.o
                0x0000000080e220dc                eth_try_another
 .text.eth_init
                0x0000000080e22160       0xe0 net/libnet.o
                0x0000000080e22160                eth_init
 .text.eth_set_current
                0x0000000080e22240       0xa4 net/libnet.o
                0x0000000080e22240                eth_set_current
 .text.eth_get_name
                0x0000000080e222e4       0x20 net/libnet.o
                0x0000000080e222e4                eth_get_name
 .text.startAgainTimeout
                0x0000000080e22304       0x14 net/libnet.o
 .text.dummy_handler
                0x0000000080e22318        0x4 net/libnet.o
 .text.net_clear_handlers
                0x0000000080e2231c       0x34 net/libnet.o
 .text.net_auto_load
                0x0000000080e22350       0x38 net/libnet.o
                0x0000000080e22350                net_auto_load
 .text.NetStartAgain
                0x0000000080e22388      0x154 net/libnet.o
                0x0000000080e22388                NetStartAgain
 .text.net_set_udp_handler
                0x0000000080e224dc       0x20 net/libnet.o
                0x0000000080e224dc                net_set_udp_handler
 .text.net_get_arp_handler
                0x0000000080e224fc       0x10 net/libnet.o
                0x0000000080e224fc                net_get_arp_handler
 .text.NetSetTimeout
                0x0000000080e2250c       0x50 net/libnet.o
                0x0000000080e2250c                NetSetTimeout
 .text.NetCksum
                0x0000000080e2255c       0x34 net/libnet.o
                0x0000000080e2255c                NetCksum
 .text.NetCksumOk
                0x0000000080e22590       0x24 net/libnet.o
                0x0000000080e22590                NetCksumOk
 .text.NetReceive
                0x0000000080e225b4      0x2d8 net/libnet.o
                0x0000000080e225b4                NetReceive
 .text.NetEthHdrSize
                0x0000000080e2288c       0x40 net/libnet.o
                0x0000000080e2288c                NetEthHdrSize
 .text.NetSetEther
                0x0000000080e228cc       0xa8 net/libnet.o
                0x0000000080e228cc                NetSetEther
 .text.net_update_ether
                0x0000000080e22974       0x84 net/libnet.o
                0x0000000080e22974                net_update_ether
 .text.net_set_ip_header
                0x0000000080e229f8       0x88 net/libnet.o
                0x0000000080e229f8                net_set_ip_header
 .text.net_set_udp_header
                0x0000000080e22a80       0xa8 net/libnet.o
                0x0000000080e22a80                net_set_udp_header
 .text.NetSendUDPPacket
                0x0000000080e22b28      0x10c net/libnet.o
                0x0000000080e22b28                NetSendUDPPacket
 .text.copy_filename
                0x0000000080e22c34       0x44 net/libnet.o
                0x0000000080e22c34                copy_filename
 .text.on_bootfile
                0x0000000080e22c78       0x2c net/libnet.o
 .text.ip_to_string
                0x0000000080e22ca4       0x54 net/libnet.o
                0x0000000080e22ca4                ip_to_string
 .text.string_to_VLAN
                0x0000000080e22cf8       0x58 net/libnet.o
                0x0000000080e22cf8                string_to_VLAN
 .text.getenv_VLAN
                0x0000000080e22d50       0x10 net/libnet.o
                0x0000000080e22d50                getenv_VLAN
 .text.NetInitLoop
                0x0000000080e22d60       0xf0 net/libnet.o
 .text.net_init
                0x0000000080e22e50       0x78 net/libnet.o