ak_flash.c:599:12:spl_memsize_parse	8	static
ak_flash.c:119:15:flash_init	16	static
ak_flash.c:162:6:flash_print_info	32	static
ak_flash.c:199:5:flash_erase	24	static
ak_flash.c:270:5:write_buff	8	static
ak_flash.c:320:15:spinand_flash_init	16	static
ak_flash.c:406:6:enable_ao_module_wr_rd	0	static
ak_flash.c:413:6:disable_ao_module_wr_rd	0	static
ak_flash.c:420:6:wait_ao_module_rdy	0	static
ak_flash.c:426:6:write_ao_module_reg	16	static
ak_flash.c:451:15:read_ao_module_reg	16	static
ak_flash.c:491:6:efuse_from_always_on_trimming_for_voltage_test	8	static
ak_flash.c:537:15:efuse_read	16	static
ak_flash.c:733:5:spl_device_parse	88	static
ak_flash.c:806:5:get_mtdparts_by_partition_name	32	static
ak_flash.c:64:5:read_partition_data	24	static
ak_flash.c:833:5:get_mtdparts_by_partition_flash_offset	40	static
ak_flash.c:860:5:read_logo_data	24	static
ak_flash.c:923:6:spl_fdt_set_totalsize	0	static
ak_flash.c:932:5:spl_fdt_check_header	0	static
ak_flash.c:961:13:spl_fdt_offset_ptr	8	static
ak_flash.c:979:10:spl_fdt_next_tag	24	static
ak_flash.c:1041:12:spl_1_nextprop	24	static
ak_flash.c:1031:5:spl_1_fdt_check_node_offset	16	static
ak_flash.c:1066:5:spl_fdt_first_property_offset	8	static
ak_flash.c:1077:5:spl_1_fdt_check_prop_offset	16	static
ak_flash.c:1087:5:spl_fdt_next_property_offset	8	static
ak_flash.c:1096:28:spl_fdt_get_property_by_offset	16	static
ak_flash.c:1118:13:spl_fdt_string	0	static
ak_flash.c:1133:28:spl_fdt_get_property_namelen	32	static
ak_flash.c:1158:13:spl_fdt_getprop_namelen	16	static
ak_flash.c:1184:5:spl_fdt_next_node	24	static
ak_flash.c:1249:5:spl_fdt_subnode_offset_namelen	40	static
ak_flash.c:1270:5:spl_fdt_path_offset	24	static
ak_flash.c:1171:13:spl_fdt_get_alias_namelen	24	static
ak_flash.c:1311:13:spl_fdt_getprop	32	static
ak_flash.c:1318:28:spl_fdt_get_property	32	static
ak_flash.c:1399:5:spl_fdt_setprop	40	static
ak_flash.c:1420:5:pare_str_form_env	24	static
ak_flash.c:1449:5:spl_fdt_chosen	2088	static
ak_flash.c:1528:5:read_dtb_data	24	static
